== A. Maya (refunds, partial refund, chargeback + $5 fee, payouts, pending)
[maya] ledger truth: {"gross":46700,"plat":4240,"proc":5088,"refunded":3500,"cb":800,"cbfee":500,"sales":33,"paid":15000,"open":6000,"avail":8764,"pend":2808,"net":32572,"debits":21000}
[maya] API: balance={"pendingCents":2808,"availableCents":8764,"totalCents":11572} lifetime={"salesCount":33,"grossCents":46700,"platformFeeCents":4240,"processingFeeCents":5088,"refundedCents":3500,"chargebackCents":800,"paidOutCents":15000,"requestedPayoutCents":6000} hold=7 eligible=true
[maya] UI cards: {"Gross sales":"$467.00","Platform fee":"$42.40","Processing fees":"$50.88","Your earnings (net)":"$325.72","Available":"$87.64","Pending":"$28.08","In payout":"$60.00","Paid out":"$150.00"}
[maya] UI line: $467.00 gross − $42.40 platform fee − $50.88 processing fees − $35.00 refunded − $8.00 charged back − $5.00 chargeback fees = $325.72 | reversals: Reversed sales: $35.00 refunded · $8.00 charged back. Fees on reversed sales are returned, so they are not counted above. | owe: null
   OK   [maya] GET /api/earnings 200
   (info) [maya] API Cache-Control: null
   OK   [maya] API lifetime gross/fees/refunded/chargebacks/sales == raw-ledger recompute
   OK   [maya] API available $87.64 / pending $28.08 == ledger recompute $87.64 / $28.08
   OK   [maya] payouts: paid $150.00 + open $60.00 == ledger payout debits $210.00
   OK   [maya] UI Gross $467.00
   OK   [maya] UI Platform fee $42.40
   OK   [maya] UI Processing $50.88
   OK   [maya] UI Net $325.72 == ledger net $325.72
   OK   [maya] UI Available $87.64 == API $87.64
   OK   [maya] UI Pending $28.08
   OK   [maya] UI In payout $60.00
   OK   [maya] UI Paid out $150.00
   OK   [maya] available + pending + in payout + paid out = $325.72 == net $325.72
   OK   [maya] gross − refunded − chargebacks − platform − processing − chargeback fees = net ($325.72, cb fees $5.00)
   OK   [maya] reconciliation line reconciles to the cent ($467.00 gross − $42.40 platform fee − $50.88 processing fees − $35.00 refunded − $8.00 charged back − $5.00 chargeback fees = $325.72)
   OK   [maya] line names the $5.00 chargeback fee
   OK   seed values: 33 sales $467.00 gross, refunded $25+$10=$35.00, chargeback $8.00 + $5.00 fee, paid $150, requested $60
   OK   Maya (positive) shows 'Available' card, no red/alert
   OK   Pending hint states 7-day hold
   reversals line: Reversed sales: $35.00 refunded · $8.00 charged back. Fees on reversed sales are returned, so they are not counted above.
   OK   refund (full+partial) and chargeback shown separately and amounts match
== B. Ned (negative balance, FE-08)
[ned] ledger truth: {"gross":6000,"plat":0,"proc":0,"refunded":6000,"cb":0,"cbfee":0,"sales":1,"paid":4680,"open":0,"avail":-4680,"pend":0,"net":0,"debits":4680}
[ned] API: balance={"pendingCents":0,"availableCents":-4680,"totalCents":-4680} lifetime={"salesCount":1,"grossCents":6000,"platformFeeCents":0,"processingFeeCents":0,"refundedCents":6000,"chargebackCents":0,"paidOutCents":4680,"requestedPayoutCents":0} hold=7 eligible=false
[ned] UI cards: {"Gross sales":"$60.00","Platform fee":"$0.00","Processing fees":"$0.00","Your earnings (net)":"$0.00","Balance owed":"-$46.80","Pending":"$0.00","In payout":"$0.00","Paid out":"$46.80"}
[ned] UI line: $60.00 gross − $0.00 platform fee − $0.00 processing fees − $60.00 refunded = $0.00 | reversals: Reversed sales: $60.00 refunded. Fees on reversed sales are returned, so they are not counted above. | owe: You owe $46.80 Your available balance is negative because money was returned to a buyer (refund or chargeback) or a chargeback fee was applied after earlier sales had already been paid out. It will be deducted from your future earnings before the next payout.
   OK   [ned] GET /api/earnings 200
   (info) [ned] API Cache-Control: null
   OK   [ned] API lifetime gross/fees/refunded/chargebacks/sales == raw-ledger recompute
   OK   [ned] API available -$46.80 / pending $0.00 == ledger recompute -$46.80 / $0.00
   OK   [ned] payouts: paid $46.80 + open $0.00 == ledger payout debits $46.80
   OK   [ned] UI Gross $60.00
   OK   [ned] UI Platform fee $0.00
   OK   [ned] UI Processing $0.00
   OK   [ned] UI Net $0.00 == ledger net $0.00
   OK   [ned] UI Balance owed -$46.80 == API -$46.80
   OK   [ned] UI Pending $0.00
   OK   [ned] UI In payout $0.00
   OK   [ned] UI Paid out $46.80
   OK   [ned] available + pending + in payout + paid out = $0.00 == net $0.00
   OK   [ned] gross − refunded − chargebacks − platform − processing − chargeback fees = net ($0.00, cb fees $0.00)
   OK   [ned] reconciliation line reconciles to the cent ($60.00 gross − $0.00 platform fee − $0.00 processing fees − $60.00 refunded = $0.00)
   OK   ledger/API available = -$46.80
   OK   red card is titled 'Balance owed' with value -$46.80 (no 'Available' card)
   OK   card styled danger (border-danger, text-danger): border-danger/40
   OK   alert present: You owe $46.80 Your available balance is negative because money was returned to a buyer (refund or chargeback) or a char
   OK   paid out $46.80, pending $0, in payout $0
   OK   net $0.00 after full refund; $60.00 refunded shown
   OK   no alert for a non-negative seller
== C. Sam (no sales) and Jo (pending verification)
[sam] ledger truth: {"gross":0,"plat":0,"proc":0,"refunded":0,"cb":0,"cbfee":0,"sales":0,"paid":0,"open":0,"avail":0,"pend":0,"net":0,"debits":0}
[sam] API: balance={"pendingCents":0,"availableCents":0,"totalCents":0} lifetime={"salesCount":0,"grossCents":0,"platformFeeCents":0,"processingFeeCents":0,"refundedCents":0,"chargebackCents":0,"paidOutCents":0,"requestedPayoutCents":0} hold=7 eligible=false
[sam] UI cards: {"Gross sales":"$0.00","Platform fee":"$0.00","Processing fees":"$0.00","Your earnings (net)":"$0.00","Available":"$0.00","Pending":"$0.00","In payout":"$0.00","Paid out":"$0.00"}
[sam] UI line: $0.00 gross − $0.00 platform fee − $0.00 processing fees = $0.00 | reversals: null | owe: null
   OK   [sam] GET /api/earnings 200
   (info) [sam] API Cache-Control: null
   OK   [sam] API lifetime gross/fees/refunded/chargebacks/sales == raw-ledger recompute
   OK   [sam] API available $0.00 / pending $0.00 == ledger recompute $0.00 / $0.00
   OK   [sam] payouts: paid $0.00 + open $0.00 == ledger payout debits $0.00
   OK   [sam] UI Gross $0.00
   OK   [sam] UI Platform fee $0.00
   OK   [sam] UI Processing $0.00
   OK   [sam] UI Net $0.00 == ledger net $0.00
   OK   [sam] UI Available $0.00 == API $0.00
   OK   [sam] UI Pending $0.00
   OK   [sam] UI In payout $0.00
   OK   [sam] UI Paid out $0.00
   OK   [sam] available + pending + in payout + paid out = $0.00 == net $0.00
   OK   [sam] gross − refunded − chargebacks − platform − processing − chargeback fees = net ($0.00, cb fees $0.00)
   OK   [sam] reconciliation line reconciles to the cent ($0.00 gross − $0.00 platform fee − $0.00 processing fees = $0.00)
   OK   sam: zeros, no NaN/undefined
[jo] ledger truth: {"gross":0,"plat":0,"proc":0,"refunded":0,"cb":0,"cbfee":0,"sales":0,"paid":0,"open":0,"avail":0,"pend":0,"net":0,"debits":0}
[jo] API: balance={"pendingCents":0,"availableCents":0,"totalCents":0} lifetime={"salesCount":0,"grossCents":0,"platformFeeCents":0,"processingFeeCents":0,"refundedCents":0,"chargebackCents":0,"paidOutCents":0,"requestedPayoutCents":0} hold=7 eligible=false
[jo] UI cards: {"Gross sales":"$0.00","Platform fee":"$0.00","Processing fees":"$0.00","Your earnings (net)":"$0.00","Available":"$0.00","Pending":"$0.00","In payout":"$0.00","Paid out":"$0.00"}
[jo] UI line: $0.00 gross − $0.00 platform fee − $0.00 processing fees = $0.00 | reversals: null | owe: null
   OK   [jo] GET /api/earnings 200
   (info) [jo] API Cache-Control: null
   OK   [jo] API lifetime gross/fees/refunded/chargebacks/sales == raw-ledger recompute
   OK   [jo] API available $0.00 / pending $0.00 == ledger recompute $0.00 / $0.00
   OK   [jo] payouts: paid $0.00 + open $0.00 == ledger payout debits $0.00
   OK   [jo] UI Gross $0.00
   OK   [jo] UI Platform fee $0.00
   OK   [jo] UI Processing $0.00
   OK   [jo] UI Net $0.00 == ledger net $0.00
   OK   [jo] UI Available $0.00 == API $0.00
   OK   [jo] UI Pending $0.00
   OK   [jo] UI In payout $0.00
   OK   [jo] UI Paid out $0.00
   OK   [jo] available + pending + in payout + paid out = $0.00 == net $0.00
   OK   [jo] gross − refunded − chargebacks − platform − processing − chargeback fees = net ($0.00, cb fees $0.00)
   OK   [jo] reconciliation line reconciles to the cent ($0.00 gross − $0.00 platform fee − $0.00 processing fees = $0.00)
   OK   jo: zeros, no NaN/undefined
== D. isolation / auth
   OK   GET /api/earnings anonymous -> 401
   OK   GET /dashboard anonymous -> 307 /login
   OK   Ned + ?sellerId=a7… still sees only Ned (-4680)
   OK   Ned + ?seller=a7c3… still sees only Ned (-4680)
   OK   Ned + ?id=a7c308a0… still sees only Ned (-4680)
   OK   x-seller-id header ignored
   OK   Ned's dashboard HTML has none of Maya's drops/name
   OK   API /earnings has no buyer emails
== E. per-drop Sold/Revenue vs ledger (M4-10 partial)
Drops | Everything you’re selling, in one place. | New drop | All | 6 | Published | 3 | Drafts | 1 | Unpublished | 1 | Under review | 1 | Your drops | DROP	STATUS	PRICE	FILES	SOLD	REVENUE	 | ACTIONS | Pop-up reel | Created Oct 1, 2026 | 	Under review	$9.99	1	0	$0.00	 | View | Winter archive | Created Oct 1, 2026 | 	Unpublished	$30.00	2	0	$0.00	 | Publish | Manage | Autumn preview (draft) | Created Oct 1, 2026 | 	Draft	$15.00	2	0	$0.00	 | Publish | Manage | Travel set, vol. 2 | unveil.link/u/09QDA3xZxiDI | 	Published	$8.00	4	4	$32.00	 | Copy link | Unpublish | Manage | Studio colour study | unveil.link/u/fKofRxHougzE | 	Published	$25.00	3	6	$150.00	 | Copy link | Unpublish | Manage | Spring c
   DB per drop: [{"title":"Autumn preview (draft)","units":0,"rev":0,"rev_back":0},{"title":"Pop-up reel","units":0,"rev":0,"rev_back":0},{"title":"Spring collection pack","units":21,"rev":25200,"rev_back":0},{"title":"Studio colour study","units":6,"rev":15000,"rev_back":3500},{"title":"Travel set, vol. 2","units":4,"rev":3200,"rev_back":800},{"title":"Winter archive","units":0,"rev":0,"rev_back":0}]
   OK   Spring collection pack: units 21 and revenue $252.00 shown (succeeded rows, gross charged; partial refund $0.00 reversed not deducted)
   OK   Studio colour study: units 6 and revenue $150.00 shown (succeeded rows, gross charged; partial refund $35.00 reversed not deducted)
   OK   Travel set, vol. 2: units 4 and revenue $32.00 shown (succeeded rows, gross charged; partial refund $8.00 reversed not deducted)
RESULT fails=0
