[M1-08(race)] sequential, limit=5: 201,201,201,201,201,400,400,400
[M1-08(race)] parallel 10 uploads, limit=5: statuses 201=5 400=5; rows in DB=5
[M1-08(race)] parallel 25 uploads, limit=5: statuses 201=5 400=20; rows in DB=5
[M1-02] GET /api/auth/google (no creds) => 501 {"error":"Google sign-in is not configured (set GOOGLE_CLIENT_ID / GOOGLE_CLIENT_SECRET)"}; callback => 307 location=http://localhost:3260/login?error=google_not_configured
[M1-14] schema:
   admin_login_failure_buckets(bucket,window_start,n)
   admin_sessions(id,admin_id,created_at,expires_at,revoked_at,user_agent,credentials_version)
   admins(id,email,created_at,password_hash,disabled_at,last_login_at,credentials_version)
   audit_log(id,admin_id,action,target,created_at,admin_email,ip,reason)
   drop_files(id,drop_id,storage_key,filename,mime,size_bytes,blurred_preview_key,sort_order,created_at)
   drops(id,seller_id,public_link_id,title,description,price_cents,cover_url,status,attestation,created_at,updated_at,published_at,attested_at,last_republished_at,attestation_history)
   ledger_entries(id,posting_id,seller_id,transaction_id,payout_id,webhook_event_id,entry_type,component,amount_cents,available_at,created_at,memo)
   login_throttle(key,failures,last_attempt_at,next_allowed_at)
   password_reset_tokens(id,seller_id,token_hash,created_at,expires_at,used_at)
   payments_janitor_state(id,last_run_at,last_counts,runs)
   payouts(id,seller_id,amount_cents,status,provider_ref,created_at,provider,requested_at,approved_at,paid_at,failed_at,failure_reason,updated_at)
   platform_settings(id,fee_percent,price_min_cents,price_max_cents,max_image_size_bytes,max_video_size_bytes,max_files_per_drop,allowed_image_mimes,updated_at,max_total_bytes_per_drop,download_ttl_seconds,login_delay_threshold,login_delay_base_seconds,login_delay_cap_seconds,login_delay_decay_seconds,processing_fee_percent,payout_hold_days,min_payout_cents,chargeback_fee_cents,checkout_session_ttl_minutes,checkout_late_success_grace_minutes,chargeback_flag_threshold,chargeback_flag_window_days,void_refund_max_attempts,void_refund_backoff_minutes,parked_event_stale_hours)
   rate_limits(key,window_start,count)
   reports(id,drop_id,reason,reporter_email,status,created_at)
   sellers(id,email,password_hash,google_id,display_name,avatar,bio,verification_status,verification_ref,legal_name,dob,payout_details,created_at,risk_flagged_at,risk_flag_reason,risk_reviewed_at,risk_reviewed_by,risk_review_note)
   sessions(id,seller_id,created_at,expires_at,revoked_at,user_agent)
   transactions(id,drop_id,seller_id,buyer_email,amount_cents,platform_fee_cents,processing_fee_cents,seller_net_cents,processor_ref,status,created_at,provider,provider_session_id,currency,fee_percent,processing_fee_percent,reversed_cents,failure_code,buyer_confirmed_18_at,succeeded_at,updated_at,idempotency_key,checkout_url,review_reason,refund_requested_at,buyer_token_hash,void_refund_attempts,void_refund_last_error,void_refund_last_attempt_at,void_refund_next_attempt_at)
   webhook_events(id,provider,provider_event_id,event_type,raw_event_type,signature_valid,outcome,outcome_detail,dedupe_claim,transaction_id,merchant_reference,provider_transaction_id,related_transaction_id,amount_cents,normalized,payload_sha256,payload,received_at,processed_at,stale_flagged_at)
