== build under test: VIDEO_UPLOAD=false (http://localhost:4801)
[new/desktop] dropzone hint: JPG, PNG or WebP · up to 10 files · 2 GB per drop
[new/desktop] accept: image/jpeg,image/png,image/webp,.jpg,.jpeg,.png,.webp
[new/desktop] note: Images (JPG, PNG, WebP) up to 15 MB each. Video upload is coming soon.
   OK   [new/desktop] dropzone hint is images only
   OK   [new/desktop] accept attribute has no video/mp4 / .mp4
   OK   [new/desktop] exactly one video note: "Video upload is coming soon." (video/mp4 mentions in page text: 1, 'coming soon' notes: 1)
   OK   [new/desktop] the only word 'video'/'MP4' on the page is that note (found 1)
[new/desktop] after picking t.mp4: t.mp4 | 32 B · Video upload is coming soon — for now, add JPG, PNG or WebP images.
   OK   [new/desktop] picked MP4 is rejected client-side with the new wording (no 415 round-trip)
[new/390] dropzone hint: JPG, PNG or WebP · up to 10 files · 2 GB per drop
[new/390] accept: image/jpeg,image/png,image/webp,.jpg,.jpeg,.png,.webp
[new/390] note: Images (JPG, PNG, WebP) up to 15 MB each. Video upload is coming soon.
   OK   [new/390] dropzone hint is images only
   OK   [new/390] accept attribute has no video/mp4 / .mp4
   OK   [new/390] exactly one video note: "Video upload is coming soon." (video/mp4 mentions in page text: 1, 'coming soon' notes: 1)
   OK   [new/390] the only word 'video'/'MP4' on the page is that note (found 1)
[new/390] after picking t.mp4: t.mp4 | 32 B · Video upload is coming soon — for now, add JPG, PNG or WebP images.
   OK   [new/390] picked MP4 is rejected client-side with the new wording (no 415 round-trip)
[detail] file-input accept: ["image/jpeg,image/png,image/webp,.jpg,.jpeg,.png,.webp"]
[detail] uploader text: JPG, PNG or WebP. They’re added to this drop right away. | JPG, PNG or WebP · up to 10 files · 2 GB per drop
   OK   [detail] drop-detail file input accept has no video/mp4 / .mp4
   OK   [detail] drop-detail page text has no MP4/video claim while the flag is false
[detail] FE-26 uploader sentence: JPG, PNG or WebP. They’re added to this drop right away.
   OK   [detail] FE-26 uploader label is "JPG, PNG or WebP" (follows VIDEO_UPLOAD=false)
   OK   [detail] FE-26 detail label agrees with the new-drop dropzone hint ("JPG, PNG or WebP · up to 10 files · 2 GB per drop")
   OK   [detail] FE-26 detail <input accept> equals the new-drop dropzone accept (image/jpeg,image/png,image/webp,.jpg,.jpeg,.png,.webp)
   OK   [detail] FE-26 detail accept has no video
[detail] after picking t.mp4: t.mp4 | 32 B · Video upload is coming soon — for now, add JPG, PNG or WebP images.
   OK   [detail] picked MP4 on the drop-detail uploader is rejected client-side with the new wording
[api] POST files video/mp4 -> 415 {"error":"Not a valid image","code":"invalid_image"}
[api] POST files image/jpeg -> 201
   OK   [api] upload of video/mp4 is rejected with 415 on this build (backend has no video support; m2-media not merged) — with the flag false: UI does not offer it ✔
   OK   [api] upload of image/jpeg -> 201
RESULT fails=0
