== 10 sequential runs: tests/copy-guard.test.ts + tests/copy-guard-mutation.test.ts
rc=0 wall=3361ms Duration 2.61s | Tests 157 passed (157)
rc=0 wall=3386ms Duration 2.65s | Tests 157 passed (157)
rc=0 wall=3376ms Duration 2.63s | Tests 157 passed (157)
rc=0 wall=3348ms Duration 2.62s | Tests 157 passed (157)
rc=0 wall=3368ms Duration 2.63s | Tests 157 passed (157)
rc=0 wall=3302ms Duration 2.56s | Tests 157 passed (157)
rc=0 wall=3410ms Duration 2.63s | Tests 157 passed (157)
rc=0 wall=3369ms Duration 2.62s | Tests 157 passed (157)
rc=0 wall=3367ms Duration 2.62s | Tests 157 passed (157)
rc=0 wall=3353ms Duration 2.61s | Tests 157 passed (157)
== 5 shuffled runs (--sequence.shuffle)
rc=0 wall=3336ms Duration 2.55s | Tests 157 passed (157)
rc=0 wall=3302ms Duration 2.57s | Tests 157 passed (157)
rc=0 wall=3342ms Duration 2.61s | Tests 157 passed (157)
rc=0 wall=3353ms Duration 2.63s | Tests 157 passed (157)
rc=0 wall=3376ms Duration 2.64s | Tests 157 passed (157)
== 4 parallel runs
rc=0 wall=4528ms Duration 3.77s | Tests 157 passed (157)
rc=0 wall=4721ms Duration 3.95s | Tests 157 passed (157)
rc=0 wall=4753ms Duration 3.95s | Tests 157 passed (157)
rc=0 wall=5003ms Duration 4.00s | Tests 157 passed (157)
== from another cwd (/tmp) using --root
rc=0 wall=2829ms Duration 2.10s | Tests 10 passed (10)
