   OK   [branch 320px] header button visible text = "Sign up" (want "Sign up")
   OK   [branch 320px] header signup link count 1 href /signup
   OK   [branch 320px] accessible name = "Sign up" only (matches 1, other label 0, merged 0); spans [{"t":"Sign up","disp":"block","w":51},{"t":"Create your account","disp":"none","w":0}]
   OK   [branch 320px] contrast of button text [255,255,255] on [79,59,232] = 6.72:1 (>=4.5)
   INFO [branch 320px] signup button 79x36px (lines 1, right edge 300/320, font 14px); sign-in link /signin 74x36
   INFO [branch 320px] tap target height 36px -> meets WCAG 2.2 AA 24px minimum, below 44px guideline
   OK   [branch 320px] tap target >= 24x24 CSS px (WCAG 2.5.8)
   OK   [branch 320px] header button on one line (1 line)
   OK   [branch 320px] click header button -> /signup
   OK   [branch 360px] header button visible text = "Sign up" (want "Sign up")
   OK   [branch 360px] header signup link count 1 href /signup
   OK   [branch 360px] accessible name = "Sign up" only (matches 1, other label 0, merged 0); spans [{"t":"Sign up","disp":"block","w":51},{"t":"Create your account","disp":"none","w":0}]
   OK   [branch 360px] contrast of button text [255,255,255] on [79,59,232] = 6.72:1 (>=4.5)
   INFO [branch 360px] signup button 79x36px (lines 1, right edge 340/360, font 14px); sign-in link /signin 74x36
   INFO [branch 360px] tap target height 36px -> meets WCAG 2.2 AA 24px minimum, below 44px guideline
   OK   [branch 360px] tap target >= 24x24 CSS px (WCAG 2.5.8)
   OK   [branch 360px] header button on one line (1 line)
   OK   [branch 360px] click header button -> /signup
   OK   [branch 375px] header button visible text = "Sign up" (want "Sign up")
   OK   [branch 375px] header signup link count 1 href /signup
   OK   [branch 375px] accessible name = "Sign up" only (matches 1, other label 0, merged 0); spans [{"t":"Sign up","disp":"block","w":51},{"t":"Create your account","disp":"none","w":0}]
   OK   [branch 375px] contrast of button text [255,255,255] on [79,59,232] = 6.72:1 (>=4.5)
   INFO [branch 375px] signup button 79x36px (lines 1, right edge 355/375, font 14px); sign-in link /signin 74x36
   INFO [branch 375px] tap target height 36px -> meets WCAG 2.2 AA 24px minimum, below 44px guideline
   OK   [branch 375px] tap target >= 24x24 CSS px (WCAG 2.5.8)
   OK   [branch 375px] header button on one line (1 line)
   OK   [branch 375px] click header button -> /signup
   OK   [branch 390px] header button visible text = "Sign up" (want "Sign up")
   OK   [branch 390px] header signup link count 1 href /signup
   OK   [branch 390px] accessible name = "Sign up" only (matches 1, other label 0, merged 0); spans [{"t":"Sign up","disp":"block","w":51},{"t":"Create your account","disp":"none","w":0}]
   OK   [branch 390px] contrast of button text [255,255,255] on [79,59,232] = 6.72:1 (>=4.5)
   INFO [branch 390px] signup button 79x36px (lines 1, right edge 370/390, font 14px); sign-in link /signin 74x36
   INFO [branch 390px] tap target height 36px -> meets WCAG 2.2 AA 24px minimum, below 44px guideline
   OK   [branch 390px] tap target >= 24x24 CSS px (WCAG 2.5.8)
   OK   [branch 390px] header button on one line (1 line)
   OK   [branch 390px] click header button -> /signup
   OK   [branch 412px] header button visible text = "Sign up" (want "Sign up")
   OK   [branch 412px] header signup link count 1 href /signup
   OK   [branch 412px] accessible name = "Sign up" only (matches 1, other label 0, merged 0); spans [{"t":"Sign up","disp":"block","w":51},{"t":"Create your account","disp":"none","w":0}]
   OK   [branch 412px] contrast of button text [255,255,255] on [79,59,232] = 6.72:1 (>=4.5)
   INFO [branch 412px] signup button 79x36px (lines 1, right edge 392/412, font 14px); sign-in link /signin 74x36
   INFO [branch 412px] tap target height 36px -> meets WCAG 2.2 AA 24px minimum, below 44px guideline
   OK   [branch 412px] tap target >= 24x24 CSS px (WCAG 2.5.8)
   OK   [branch 412px] header button on one line (1 line)
   OK   [branch 412px] click header button -> /signup
   OK   [branch 639px] header button visible text = "Sign up" (want "Sign up")
   OK   [branch 639px] header signup link count 1 href /signup
   OK   [branch 639px] accessible name = "Sign up" only (matches 1, other label 0, merged 0); spans [{"t":"Sign up","disp":"block","w":51},{"t":"Create your account","disp":"none","w":0}]
   OK   [branch 639px] contrast of button text [255,255,255] on [79,59,232] = 6.72:1 (>=4.5)
   INFO [branch 639px] signup button 79x36px (lines 1, right edge 619/639, font 14px); sign-in link /signin 74x36
   INFO [branch 639px] tap target height 36px -> meets WCAG 2.2 AA 24px minimum, below 44px guideline
   OK   [branch 639px] tap target >= 24x24 CSS px (WCAG 2.5.8)
   OK   [branch 639px] header button on one line (1 line)
   OK   [branch 639px] click header button -> /signup
   OK   [branch 640px] header button visible text = "Create your account" (want "Create your account")
   OK   [branch 640px] header signup link count 1 href /signup
   OK   [branch 640px] accessible name = "Create your account" only (matches 1, other label 0, merged 0); spans [{"t":"Sign up","disp":"none","w":0},{"t":"Create your account","disp":"block","w":138}]
   OK   [branch 640px] contrast of button text [255,255,255] on [79,59,232] = 6.72:1 (>=4.5)
   INFO [branch 640px] signup button 166x36px (lines 1, right edge 616/640, font 14px); sign-in link /signin 74x36
   INFO [branch 640px] tap target height 36px -> meets WCAG 2.2 AA 24px minimum, below 44px guideline
   OK   [branch 640px] tap target >= 24x24 CSS px (WCAG 2.5.8)
   OK   [branch 640px] header button on one line (1 line)
   OK   [branch 640px] click header button -> /signup
   OK   [branch 641px] header button visible text = "Create your account" (want "Create your account")
   OK   [branch 641px] header signup link count 1 href /signup
   OK   [branch 641px] accessible name = "Create your account" only (matches 1, other label 0, merged 0); spans [{"t":"Sign up","disp":"none","w":0},{"t":"Create your account","disp":"block","w":138}]
   OK   [branch 641px] contrast of button text [255,255,255] on [79,59,232] = 6.72:1 (>=4.5)
   INFO [branch 641px] signup button 166x36px (lines 1, right edge 617/641, font 14px); sign-in link /signin 74x36
   INFO [branch 641px] tap target height 36px -> meets WCAG 2.2 AA 24px minimum, below 44px guideline
   OK   [branch 641px] tap target >= 24x24 CSS px (WCAG 2.5.8)
   OK   [branch 641px] header button on one line (1 line)
   OK   [branch 641px] click header button -> /signup
   OK   [branch 768px] header button visible text = "Create your account" (want "Create your account")
   OK   [branch 768px] header signup link count 1 href /signup
   OK   [branch 768px] accessible name = "Create your account" only (matches 1, other label 0, merged 0); spans [{"t":"Sign up","disp":"none","w":0},{"t":"Create your account","disp":"block","w":138}]
   OK   [branch 768px] contrast of button text [255,255,255] on [79,59,232] = 6.72:1 (>=4.5)
   INFO [branch 768px] signup button 166x36px (lines 1, right edge 744/768, font 14px); sign-in link /signin 74x36
   INFO [branch 768px] tap target height 36px -> meets WCAG 2.2 AA 24px minimum, below 44px guideline
   OK   [branch 768px] tap target >= 24x24 CSS px (WCAG 2.5.8)
   OK   [branch 768px] header button on one line (1 line)
   OK   [branch 768px] click header button -> /signup
   OK   [branch 1280px] header button visible text = "Create your account" (want "Create your account")
   OK   [branch 1280px] header signup link count 1 href /signup
   OK   [branch 1280px] accessible name = "Create your account" only (matches 1, other label 0, merged 0); spans [{"t":"Sign up","disp":"none","w":0},{"t":"Create your account","disp":"block","w":138}]
   OK   [branch 1280px] contrast of button text [255,255,255] on [79,59,232] = 6.72:1 (>=4.5)
   INFO [branch 1280px] signup button 166x36px (lines 1, right edge 1184/1280, font 14px); sign-in link /signin 74x36
   INFO [branch 1280px] tap target height 36px -> meets WCAG 2.2 AA 24px minimum, below 44px guideline
   OK   [branch 1280px] tap target >= 24x24 CSS px (WCAG 2.5.8)
   OK   [branch 1280px] header button on one line (1 line)
   OK   [branch 1280px] click header button -> /signup
   INFO [branch] 320px with root font 20px (125% text zoom): overflow 44px ["div.flex items-center gap-1.5 sm:gap-2@364","a.inline-flex items-center justify-center gap-2 roun@364","span.sm:hidden@346"]
   OK   [branch 320px] landing: overflow 0px (sw 320/vw 320) offenders [] clipped []
   OK   [branch 320px] login: overflow 0px (sw 320/vw 320) offenders [] clipped []
   OK   [branch 320px] signup: overflow 0px (sw 320/vw 320) offenders [] clipped []
   OK   [branch 320px] signin-redirect: overflow 0px (sw 320/vw 320) offenders [] clipped []
   OK   [branch 320px] forgot: overflow 0px (sw 320/vw 320) offenders [] clipped []
   OK   [branch 320px] reset: overflow 0px (sw 320/vw 320) offenders [] clipped []
   OK   [branch 320px] terms: overflow 0px (sw 320/vw 320) offenders [] clipped []
   OK   [branch 320px] privacy: overflow 0px (sw 320/vw 320) offenders [] clipped []
   OK   [branch 320px] dmca: overflow 0px (sw 320/vw 320) offenders [] clipped []
   OK   [branch 320px] contact: overflow 0px (sw 320/vw 320) offenders [] clipped []
   OK   [branch 320px] buyer: overflow 0px (sw 320/vw 320) offenders [] clipped []
   OK   [branch 320px] buyer-unavailable: overflow 0px (sw 320/vw 320) offenders [] clipped []
   OK   [branch 320px] buyer-404: overflow 0px (sw 320/vw 320) offenders [] clipped []
   OK   [branch 320px] 404: overflow 0px (sw 320/vw 320) offenders [] clipped []
   OK   [branch 320px] admin-login: overflow 0px (sw 320/vw 320) offenders [] clipped []
   OK   [branch 320px] pay-mock-bad: overflow 0px (sw 320/vw 320) offenders [] clipped []
   OK   [branch 360px] landing: overflow 0px (sw 360/vw 360) offenders [] clipped []
   OK   [branch 360px] login: overflow 0px (sw 360/vw 360) offenders [] clipped []
   OK   [branch 360px] signup: overflow 0px (sw 360/vw 360) offenders [] clipped []
   OK   [branch 360px] signin-redirect: overflow 0px (sw 360/vw 360) offenders [] clipped []
   OK   [branch 360px] forgot: overflow 0px (sw 360/vw 360) offenders [] clipped []
   OK   [branch 360px] reset: overflow 0px (sw 360/vw 360) offenders [] clipped []
   OK   [branch 360px] terms: overflow 0px (sw 360/vw 360) offenders [] clipped []
   OK   [branch 360px] privacy: overflow 0px (sw 360/vw 360) offenders [] clipped []
   OK   [branch 360px] dmca: overflow 0px (sw 360/vw 360) offenders [] clipped []
   OK   [branch 360px] contact: overflow 0px (sw 360/vw 360) offenders [] clipped []
   OK   [branch 360px] buyer: overflow 0px (sw 360/vw 360) offenders [] clipped []
   OK   [branch 360px] buyer-unavailable: overflow 0px (sw 360/vw 360) offenders [] clipped []
   OK   [branch 360px] buyer-404: overflow 0px (sw 360/vw 360) offenders [] clipped []
   OK   [branch 360px] 404: overflow 0px (sw 360/vw 360) offenders [] clipped []
   OK   [branch 360px] admin-login: overflow 0px (sw 360/vw 360) offenders [] clipped []
   OK   [branch 360px] pay-mock-bad: overflow 0px (sw 360/vw 360) offenders [] clipped []
   OK   [branch 375px] landing: overflow 0px (sw 375/vw 375) offenders [] clipped []
   OK   [branch 375px] login: overflow 0px (sw 375/vw 375) offenders [] clipped []
   OK   [branch 375px] signup: overflow 0px (sw 375/vw 375) offenders [] clipped []
   OK   [branch 375px] signin-redirect: overflow 0px (sw 375/vw 375) offenders [] clipped []
   OK   [branch 375px] forgot: overflow 0px (sw 375/vw 375) offenders [] clipped []
   OK   [branch 375px] reset: overflow 0px (sw 375/vw 375) offenders [] clipped []
   OK   [branch 375px] terms: overflow 0px (sw 375/vw 375) offenders [] clipped []
   OK   [branch 375px] privacy: overflow 0px (sw 375/vw 375) offenders [] clipped []
   OK   [branch 375px] dmca: overflow 0px (sw 375/vw 375) offenders [] clipped []
   OK   [branch 375px] contact: overflow 0px (sw 375/vw 375) offenders [] clipped []
   OK   [branch 375px] buyer: overflow 0px (sw 375/vw 375) offenders [] clipped []
   OK   [branch 375px] buyer-unavailable: overflow 0px (sw 375/vw 375) offenders [] clipped []
   OK   [branch 375px] buyer-404: overflow 0px (sw 375/vw 375) offenders [] clipped []
   OK   [branch 375px] 404: overflow 0px (sw 375/vw 375) offenders [] clipped []
   OK   [branch 375px] admin-login: overflow 0px (sw 375/vw 375) offenders [] clipped []
   OK   [branch 375px] pay-mock-bad: overflow 0px (sw 375/vw 375) offenders [] clipped []
   OK   [branch 390px] landing: overflow 0px (sw 390/vw 390) offenders [] clipped []
   OK   [branch 390px] login: overflow 0px (sw 390/vw 390) offenders [] clipped []
   OK   [branch 390px] signup: overflow 0px (sw 390/vw 390) offenders [] clipped []
   OK   [branch 390px] signin-redirect: overflow 0px (sw 390/vw 390) offenders [] clipped []
   OK   [branch 390px] forgot: overflow 0px (sw 390/vw 390) offenders [] clipped []
   OK   [branch 390px] reset: overflow 0px (sw 390/vw 390) offenders [] clipped []
   OK   [branch 390px] terms: overflow 0px (sw 390/vw 390) offenders [] clipped []
   OK   [branch 390px] privacy: overflow 0px (sw 390/vw 390) offenders [] clipped []
   OK   [branch 390px] dmca: overflow 0px (sw 390/vw 390) offenders [] clipped []
   OK   [branch 390px] contact: overflow 0px (sw 390/vw 390) offenders [] clipped []
   OK   [branch 390px] buyer: overflow 0px (sw 390/vw 390) offenders [] clipped []
   OK   [branch 390px] buyer-unavailable: overflow 0px (sw 390/vw 390) offenders [] clipped []
   OK   [branch 390px] buyer-404: overflow 0px (sw 390/vw 390) offenders [] clipped []
   OK   [branch 390px] 404: overflow 0px (sw 390/vw 390) offenders [] clipped []
   OK   [branch 390px] admin-login: overflow 0px (sw 390/vw 390) offenders [] clipped []
   OK   [branch 390px] pay-mock-bad: overflow 0px (sw 390/vw 390) offenders [] clipped []
   OK   [branch 412px] landing: overflow 0px (sw 412/vw 412) offenders [] clipped []
   OK   [branch 412px] login: overflow 0px (sw 412/vw 412) offenders [] clipped []
   OK   [branch 412px] signup: overflow 0px (sw 412/vw 412) offenders [] clipped []
   OK   [branch 412px] signin-redirect: overflow 0px (sw 412/vw 412) offenders [] clipped []
   OK   [branch 412px] forgot: overflow 0px (sw 412/vw 412) offenders [] clipped []
   OK   [branch 412px] reset: overflow 0px (sw 412/vw 412) offenders [] clipped []
   OK   [branch 412px] terms: overflow 0px (sw 412/vw 412) offenders [] clipped []
   OK   [branch 412px] privacy: overflow 0px (sw 412/vw 412) offenders [] clipped []
   OK   [branch 412px] dmca: overflow 0px (sw 412/vw 412) offenders [] clipped []
   OK   [branch 412px] contact: overflow 0px (sw 412/vw 412) offenders [] clipped []
   OK   [branch 412px] buyer: overflow 0px (sw 412/vw 412) offenders [] clipped []
   OK   [branch 412px] buyer-unavailable: overflow 0px (sw 412/vw 412) offenders [] clipped []
   OK   [branch 412px] buyer-404: overflow 0px (sw 412/vw 412) offenders [] clipped []
   OK   [branch 412px] 404: overflow 0px (sw 412/vw 412) offenders [] clipped []
   OK   [branch 412px] admin-login: overflow 0px (sw 412/vw 412) offenders [] clipped []
   OK   [branch 412px] pay-mock-bad: overflow 0px (sw 412/vw 412) offenders [] clipped []
   OK   [branch 639px] landing: overflow 0px (sw 639/vw 639) offenders [] clipped []
   OK   [branch 639px] login: overflow 0px (sw 639/vw 639) offenders [] clipped []
   OK   [branch 639px] signup: overflow 0px (sw 639/vw 639) offenders [] clipped []
   OK   [branch 639px] signin-redirect: overflow 0px (sw 639/vw 639) offenders [] clipped []
   OK   [branch 639px] forgot: overflow 0px (sw 639/vw 639) offenders [] clipped []
   OK   [branch 639px] reset: overflow 0px (sw 639/vw 639) offenders [] clipped []
   OK   [branch 639px] terms: overflow 0px (sw 639/vw 639) offenders [] clipped []
   OK   [branch 639px] privacy: overflow 0px (sw 639/vw 639) offenders [] clipped []
   OK   [branch 639px] dmca: overflow 0px (sw 639/vw 639) offenders [] clipped []
   OK   [branch 639px] contact: overflow 0px (sw 639/vw 639) offenders [] clipped []
   OK   [branch 639px] buyer: overflow 0px (sw 639/vw 639) offenders [] clipped []
   OK   [branch 639px] buyer-unavailable: overflow 0px (sw 639/vw 639) offenders [] clipped []
   OK   [branch 639px] buyer-404: overflow 0px (sw 639/vw 639) offenders [] clipped []
   OK   [branch 639px] 404: overflow 0px (sw 639/vw 639) offenders [] clipped []
   OK   [branch 639px] admin-login: overflow 0px (sw 639/vw 639) offenders [] clipped []
   OK   [branch 639px] pay-mock-bad: overflow 0px (sw 639/vw 639) offenders [] clipped []
   OK   [branch 640px] landing: overflow 0px (sw 640/vw 640) offenders [] clipped []
   OK   [branch 640px] login: overflow 0px (sw 640/vw 640) offenders [] clipped []
   OK   [branch 640px] signup: overflow 0px (sw 640/vw 640) offenders [] clipped []
   OK   [branch 640px] signin-redirect: overflow 0px (sw 640/vw 640) offenders [] clipped []
   OK   [branch 640px] forgot: overflow 0px (sw 640/vw 640) offenders [] clipped []
   OK   [branch 640px] reset: overflow 0px (sw 640/vw 640) offenders [] clipped []
   OK   [branch 640px] terms: overflow 0px (sw 640/vw 640) offenders [] clipped []
   OK   [branch 640px] privacy: overflow 0px (sw 640/vw 640) offenders [] clipped []
   OK   [branch 640px] dmca: overflow 0px (sw 640/vw 640) offenders [] clipped []
   OK   [branch 640px] contact: overflow 0px (sw 640/vw 640) offenders [] clipped []
   OK   [branch 640px] buyer: overflow 0px (sw 640/vw 640) offenders [] clipped []
   OK   [branch 640px] buyer-unavailable: overflow 0px (sw 640/vw 640) offenders [] clipped []
   OK   [branch 640px] buyer-404: overflow 0px (sw 640/vw 640) offenders [] clipped []
   OK   [branch 640px] 404: overflow 0px (sw 640/vw 640) offenders [] clipped []
   OK   [branch 640px] admin-login: overflow 0px (sw 640/vw 640) offenders [] clipped []
   OK   [branch 640px] pay-mock-bad: overflow 0px (sw 640/vw 640) offenders [] clipped []
   OK   [branch 641px] landing: overflow 0px (sw 641/vw 641) offenders [] clipped []
   OK   [branch 641px] login: overflow 0px (sw 641/vw 641) offenders [] clipped []
   OK   [branch 641px] signup: overflow 0px (sw 641/vw 641) offenders [] clipped []
   OK   [branch 641px] signin-redirect: overflow 0px (sw 641/vw 641) offenders [] clipped []
   OK   [branch 641px] forgot: overflow 0px (sw 641/vw 641) offenders [] clipped []
   OK   [branch 641px] reset: overflow 0px (sw 641/vw 641) offenders [] clipped []
   OK   [branch 641px] terms: overflow 0px (sw 641/vw 641) offenders [] clipped []
   OK   [branch 641px] privacy: overflow 0px (sw 641/vw 641) offenders [] clipped []
   OK   [branch 641px] dmca: overflow 0px (sw 641/vw 641) offenders [] clipped []
   OK   [branch 641px] contact: overflow 0px (sw 641/vw 641) offenders [] clipped []
   OK   [branch 641px] buyer: overflow 0px (sw 641/vw 641) offenders [] clipped []
   OK   [branch 641px] buyer-unavailable: overflow 0px (sw 641/vw 641) offenders [] clipped []
   OK   [branch 641px] buyer-404: overflow 0px (sw 641/vw 641) offenders [] clipped []
   OK   [branch 641px] 404: overflow 0px (sw 641/vw 641) offenders [] clipped []
   OK   [branch 641px] admin-login: overflow 0px (sw 641/vw 641) offenders [] clipped []
   OK   [branch 641px] pay-mock-bad: overflow 0px (sw 641/vw 641) offenders [] clipped []
   OK   [branch 768px] landing: overflow 0px (sw 768/vw 768) offenders [] clipped []
   OK   [branch 768px] login: overflow 0px (sw 768/vw 768) offenders [] clipped []
   OK   [branch 768px] signup: overflow 0px (sw 768/vw 768) offenders [] clipped []
   OK   [branch 768px] signin-redirect: overflow 0px (sw 768/vw 768) offenders [] clipped []
   OK   [branch 768px] forgot: overflow 0px (sw 768/vw 768) offenders [] clipped []
   OK   [branch 768px] reset: overflow 0px (sw 768/vw 768) offenders [] clipped []
   OK   [branch 768px] terms: overflow 0px (sw 768/vw 768) offenders [] clipped []
   OK   [branch 768px] privacy: overflow 0px (sw 768/vw 768) offenders [] clipped []
   OK   [branch 768px] dmca: overflow 0px (sw 768/vw 768) offenders [] clipped []
   OK   [branch 768px] contact: overflow 0px (sw 768/vw 768) offenders [] clipped []
   OK   [branch 768px] buyer: overflow 0px (sw 768/vw 768) offenders [] clipped []
   OK   [branch 768px] buyer-unavailable: overflow 0px (sw 768/vw 768) offenders [] clipped []
   OK   [branch 768px] buyer-404: overflow 0px (sw 768/vw 768) offenders [] clipped []
   OK   [branch 768px] 404: overflow 0px (sw 768/vw 768) offenders [] clipped []
   OK   [branch 768px] admin-login: overflow 0px (sw 768/vw 768) offenders [] clipped []
   OK   [branch 768px] pay-mock-bad: overflow 0px (sw 768/vw 768) offenders [] clipped []
   OK   [branch 1280px] landing: overflow 0px (sw 1280/vw 1280) offenders [] clipped []
   OK   [branch 1280px] login: overflow 0px (sw 1280/vw 1280) offenders [] clipped []
   OK   [branch 1280px] signup: overflow 0px (sw 1280/vw 1280) offenders [] clipped []
   OK   [branch 1280px] signin-redirect: overflow 0px (sw 1280/vw 1280) offenders [] clipped []
   OK   [branch 1280px] forgot: overflow 0px (sw 1280/vw 1280) offenders [] clipped []
   OK   [branch 1280px] reset: overflow 0px (sw 1280/vw 1280) offenders [] clipped []
   OK   [branch 1280px] terms: overflow 0px (sw 1280/vw 1280) offenders [] clipped []
   OK   [branch 1280px] privacy: overflow 0px (sw 1280/vw 1280) offenders [] clipped []
   OK   [branch 1280px] dmca: overflow 0px (sw 1280/vw 1280) offenders [] clipped []
   OK   [branch 1280px] contact: overflow 0px (sw 1280/vw 1280) offenders [] clipped []
   OK   [branch 1280px] buyer: overflow 0px (sw 1280/vw 1280) offenders [] clipped []
   OK   [branch 1280px] buyer-unavailable: overflow 0px (sw 1280/vw 1280) offenders [] clipped []
   OK   [branch 1280px] buyer-404: overflow 0px (sw 1280/vw 1280) offenders [] clipped []
   OK   [branch 1280px] 404: overflow 0px (sw 1280/vw 1280) offenders [] clipped []
   OK   [branch 1280px] admin-login: overflow 0px (sw 1280/vw 1280) offenders [] clipped []
   OK   [branch 1280px] pay-mock-bad: overflow 0px (sw 1280/vw 1280) offenders [] clipped []
   OK   [branch 320px] maya dashboard: overflow 0px (sw 320/vw 320) offenders [] clipped []
   OK   [branch 320px] maya drops: overflow 0px (sw 320/vw 320) offenders [] clipped []
   OK   [branch 320px] maya new-drop: overflow 0px (sw 320/vw 320) offenders [] clipped []
   OK   [branch 320px] maya drop-published: overflow 0px (sw 320/vw 320) offenders [] clipped []
   OK   [branch 320px] maya drop-draft: overflow 0px (sw 320/vw 320) offenders [] clipped []
   OK   [branch 320px] maya drop-flagged: overflow 0px (sw 320/vw 320) offenders [] clipped []
   OK   [branch 360px] maya dashboard: overflow 0px (sw 360/vw 360) offenders [] clipped []
   OK   [branch 360px] maya drops: overflow 0px (sw 360/vw 360) offenders [] clipped []
   OK   [branch 360px] maya new-drop: overflow 0px (sw 360/vw 360) offenders [] clipped []
   OK   [branch 360px] maya drop-published: overflow 0px (sw 360/vw 360) offenders [] clipped []
   OK   [branch 360px] maya drop-draft: overflow 0px (sw 360/vw 360) offenders [] clipped []
   OK   [branch 360px] maya drop-flagged: overflow 0px (sw 360/vw 360) offenders [] clipped []
   OK   [branch 375px] maya dashboard: overflow 0px (sw 375/vw 375) offenders [] clipped []
   OK   [branch 375px] maya drops: overflow 0px (sw 375/vw 375) offenders [] clipped []
   OK   [branch 375px] maya new-drop: overflow 0px (sw 375/vw 375) offenders [] clipped []
   OK   [branch 375px] maya drop-published: overflow 0px (sw 375/vw 375) offenders [] clipped []
   OK   [branch 375px] maya drop-draft: overflow 0px (sw 375/vw 375) offenders [] clipped []
   OK   [branch 375px] maya drop-flagged: overflow 0px (sw 375/vw 375) offenders [] clipped []
   OK   [branch 390px] maya dashboard: overflow 0px (sw 390/vw 390) offenders [] clipped []
   OK   [branch 390px] maya drops: overflow 0px (sw 390/vw 390) offenders [] clipped []
   OK   [branch 390px] maya new-drop: overflow 0px (sw 390/vw 390) offenders [] clipped []
   OK   [branch 390px] maya drop-published: overflow 0px (sw 390/vw 390) offenders [] clipped []
   OK   [branch 390px] maya drop-draft: overflow 0px (sw 390/vw 390) offenders [] clipped []
   OK   [branch 390px] maya drop-flagged: overflow 0px (sw 390/vw 390) offenders [] clipped []
   OK   [branch 412px] maya dashboard: overflow 0px (sw 412/vw 412) offenders [] clipped []
   OK   [branch 412px] maya drops: overflow 0px (sw 412/vw 412) offenders [] clipped []
   OK   [branch 412px] maya new-drop: overflow 0px (sw 412/vw 412) offenders [] clipped []
   OK   [branch 412px] maya drop-published: overflow 0px (sw 412/vw 412) offenders [] clipped []
   OK   [branch 412px] maya drop-draft: overflow 0px (sw 412/vw 412) offenders [] clipped []
   OK   [branch 412px] maya drop-flagged: overflow 0px (sw 412/vw 412) offenders [] clipped []
   OK   [branch 639px] maya dashboard: overflow 0px (sw 639/vw 639) offenders [] clipped []
   OK   [branch 639px] maya drops: overflow 0px (sw 639/vw 639) offenders [] clipped []
   OK   [branch 639px] maya new-drop: overflow 0px (sw 639/vw 639) offenders [] clipped []
   OK   [branch 639px] maya drop-published: overflow 0px (sw 639/vw 639) offenders [] clipped []
   OK   [branch 639px] maya drop-draft: overflow 0px (sw 639/vw 639) offenders [] clipped []
   OK   [branch 639px] maya drop-flagged: overflow 0px (sw 639/vw 639) offenders [] clipped []
   OK   [branch 640px] maya dashboard: overflow 0px (sw 640/vw 640) offenders [] clipped []
   OK   [branch 640px] maya drops: overflow 0px (sw 640/vw 640) offenders [] clipped []
   OK   [branch 640px] maya new-drop: overflow 0px (sw 640/vw 640) offenders [] clipped []
   OK   [branch 640px] maya drop-published: overflow 0px (sw 640/vw 640) offenders [] clipped []
   OK   [branch 640px] maya drop-draft: overflow 0px (sw 640/vw 640) offenders [] clipped []
   OK   [branch 640px] maya drop-flagged: overflow 0px (sw 640/vw 640) offenders [] clipped []
   OK   [branch 641px] maya dashboard: overflow 0px (sw 641/vw 641) offenders [] clipped []
   OK   [branch 641px] maya drops: overflow 0px (sw 641/vw 641) offenders [] clipped []
   OK   [branch 641px] maya new-drop: overflow 0px (sw 641/vw 641) offenders [] clipped []
   OK   [branch 641px] maya drop-published: overflow 0px (sw 641/vw 641) offenders [] clipped []
   OK   [branch 641px] maya drop-draft: overflow 0px (sw 641/vw 641) offenders [] clipped []
   OK   [branch 641px] maya drop-flagged: overflow 0px (sw 641/vw 641) offenders [] clipped []
   OK   [branch 768px] maya dashboard: overflow 0px (sw 768/vw 768) offenders [] clipped []
   OK   [branch 768px] maya drops: overflow 0px (sw 768/vw 768) offenders [] clipped []
   OK   [branch 768px] maya new-drop: overflow 0px (sw 768/vw 768) offenders [] clipped []
   OK   [branch 768px] maya drop-published: overflow 0px (sw 768/vw 768) offenders [] clipped []
   OK   [branch 768px] maya drop-draft: overflow 0px (sw 768/vw 768) offenders [] clipped []
   OK   [branch 768px] maya drop-flagged: overflow 0px (sw 768/vw 768) offenders [] clipped []
   OK   [branch 1280px] maya dashboard: overflow 0px (sw 1280/vw 1280) offenders [] clipped []
   OK   [branch 1280px] maya drops: overflow 0px (sw 1280/vw 1280) offenders [] clipped []
   OK   [branch 1280px] maya new-drop: overflow 0px (sw 1280/vw 1280) offenders [] clipped []
   OK   [branch 1280px] maya drop-published: overflow 0px (sw 1280/vw 1280) offenders [] clipped []
   OK   [branch 1280px] maya drop-draft: overflow 0px (sw 1280/vw 1280) offenders [] clipped []
   OK   [branch 1280px] maya drop-flagged: overflow 0px (sw 1280/vw 1280) offenders [] clipped []
   OK   [branch 320px] ned dashboard: overflow 0px (sw 320/vw 320) offenders [] clipped []
   OK   [branch 320px] ned drops: overflow 0px (sw 320/vw 320) offenders [] clipped []
   OK   [branch 360px] ned dashboard: overflow 0px (sw 360/vw 360) offenders [] clipped []
   OK   [branch 360px] ned drops: overflow 0px (sw 360/vw 360) offenders [] clipped []
   OK   [branch 375px] ned dashboard: overflow 0px (sw 375/vw 375) offenders [] clipped []
   OK   [branch 375px] ned drops: overflow 0px (sw 375/vw 375) offenders [] clipped []
   OK   [branch 390px] ned dashboard: overflow 0px (sw 390/vw 390) offenders [] clipped []
   OK   [branch 390px] ned drops: overflow 0px (sw 390/vw 390) offenders [] clipped []
   OK   [branch 412px] ned dashboard: overflow 0px (sw 412/vw 412) offenders [] clipped []
   OK   [branch 412px] ned drops: overflow 0px (sw 412/vw 412) offenders [] clipped []
   OK   [branch 639px] ned dashboard: overflow 0px (sw 639/vw 639) offenders [] clipped []
   OK   [branch 639px] ned drops: overflow 0px (sw 639/vw 639) offenders [] clipped []
   OK   [branch 640px] ned dashboard: overflow 0px (sw 640/vw 640) offenders [] clipped []
   OK   [branch 640px] ned drops: overflow 0px (sw 640/vw 640) offenders [] clipped []
   OK   [branch 641px] ned dashboard: overflow 0px (sw 641/vw 641) offenders [] clipped []
   OK   [branch 641px] ned drops: overflow 0px (sw 641/vw 641) offenders [] clipped []
   OK   [branch 768px] ned dashboard: overflow 0px (sw 768/vw 768) offenders [] clipped []
   OK   [branch 768px] ned drops: overflow 0px (sw 768/vw 768) offenders [] clipped []
   OK   [branch 1280px] ned dashboard: overflow 0px (sw 1280/vw 1280) offenders [] clipped []
   OK   [branch 1280px] ned drops: overflow 0px (sw 1280/vw 1280) offenders [] clipped []
RESULT fails=0
