== desktop 1280x900
   OK   [mouse] opened; initial focus inside dialog (BUTTON:)
   OK   [mouse] closed via Escape; dialog closed=true; focus returned to the SAME trigger button=true (now {"tag":"BUTTON","text":"Unpublish","inDialog":false,"id":"trigger"})
   OK   [keyboard] opened; initial focus inside dialog (BUTTON:)
   OK   [keyboard] closed via Escape; dialog closed=true; focus returned to the SAME trigger button=true (now {"tag":"BUTTON","text":"Unpublish","inDialog":false,"id":"trigger"})
   OK   [mouse] opened; initial focus inside dialog (BUTTON:)
   OK   [mouse] closed via Keep published; dialog closed=true; focus returned to the SAME trigger button=true (now {"tag":"BUTTON","text":"Unpublish","inDialog":false,"id":"trigger"})
   OK   [keyboard] opened; initial focus inside dialog (BUTTON:)
   OK   [keyboard] closed via Keep published; dialog closed=true; focus returned to the SAME trigger button=true (now {"tag":"BUTTON","text":"Unpublish","inDialog":false,"id":"trigger"})
   OK   [mouse] opened; initial focus inside dialog (BUTTON:)
   OK   [mouse] closed via X (Close dialog); dialog closed=true; focus returned to the SAME trigger button=true (now {"tag":"BUTTON","text":"Unpublish","inDialog":false,"id":"trigger"})
   OK   [keyboard] opened; initial focus inside dialog (BUTTON:)
   OK   [keyboard] closed via X (Close dialog); dialog closed=true; focus returned to the SAME trigger button=true (now {"tag":"BUTTON","text":"Unpublish","inDialog":false,"id":"trigger"})
   OK   [mouse] opened; initial focus inside dialog (BUTTON:)
   OK   [mouse] closed via Backdrop click; dialog closed=true; focus returned to the SAME trigger button=true (now {"tag":"BUTTON","text":"Unpublish","inDialog":false,"id":"trigger"})
   OK   [keyboard] opened; initial focus inside dialog (BUTTON:)
   OK   [keyboard] closed via Backdrop click; dialog closed=true; focus returned to the SAME trigger button=true (now {"tag":"BUTTON","text":"Unpublish","inDialog":false,"id":"trigger"})
   OK   [mouse] opened; initial focus inside dialog (BUTTON:)
   OK   [mouse] closed via Enter on Keep (keyboard); dialog closed=true; focus returned to the SAME trigger button=true (now {"tag":"BUTTON","text":"Unpublish","inDialog":false,"id":"trigger"})
   OK   [keyboard] opened; initial focus inside dialog (BUTTON:)
   OK   [keyboard] closed via Enter on Keep (keyboard); dialog closed=true; focus returned to the SAME trigger button=true (now {"tag":"BUTTON","text":"Unpublish","inDialog":false,"id":"trigger"})
   OK   focus trap: 24 Tab/Shift+Tab presses never reached a focusable element outside the dialog (BODY = browser-chrome wrap step of native modal dialogs, content behind is inert; stops: BUTTON:Keep published | BUTTON:Unpublish | BODY:Skip to contentUnvei | BUTTON:)
   OK   after trap test + Esc: focus back on trigger
   OK   dialog is modal + labelled ({"labelledby":true,"describedby":true,"modal":true})
   OK   publish dialog opened, focus inside (BUTTON:)
   OK   publish dialog: Esc returns focus to Publish trigger ({"tag":"BUTTON","text":"Publish","inDialog":false,"id":"trigger"})
   OK   publish dialog: Cancel/X returns focus to trigger ({"tag":"BUTTON","text":"Publish","inDialog":false,"id":"trigger"})
== mobile 390x844
   OK   [mouse] opened; initial focus inside dialog (BUTTON:)
   OK   [mouse] closed via Escape; dialog closed=true; focus returned to the SAME trigger button=true (now {"tag":"BUTTON","text":"Unpublish","inDialog":false,"id":"trigger"})
   OK   [keyboard] opened; initial focus inside dialog (BUTTON:)
   OK   [keyboard] closed via Escape; dialog closed=true; focus returned to the SAME trigger button=true (now {"tag":"BUTTON","text":"Unpublish","inDialog":false,"id":"trigger"})
   OK   [mouse] opened; initial focus inside dialog (BUTTON:)
   OK   [mouse] closed via Keep published; dialog closed=true; focus returned to the SAME trigger button=true (now {"tag":"BUTTON","text":"Unpublish","inDialog":false,"id":"trigger"})
   OK   [keyboard] opened; initial focus inside dialog (BUTTON:)
   OK   [keyboard] closed via Keep published; dialog closed=true; focus returned to the SAME trigger button=true (now {"tag":"BUTTON","text":"Unpublish","inDialog":false,"id":"trigger"})
   OK   [mouse] opened; initial focus inside dialog (BUTTON:)
   OK   [mouse] closed via X (Close dialog); dialog closed=true; focus returned to the SAME trigger button=true (now {"tag":"BUTTON","text":"Unpublish","inDialog":false,"id":"trigger"})
   OK   [keyboard] opened; initial focus inside dialog (BUTTON:)
   OK   [keyboard] closed via X (Close dialog); dialog closed=true; focus returned to the SAME trigger button=true (now {"tag":"BUTTON","text":"Unpublish","inDialog":false,"id":"trigger"})
   OK   [mouse] opened; initial focus inside dialog (BUTTON:)
   OK   [mouse] closed via Backdrop click; dialog closed=true; focus returned to the SAME trigger button=true (now {"tag":"BUTTON","text":"Unpublish","inDialog":false,"id":"trigger"})
   OK   [keyboard] opened; initial focus inside dialog (BUTTON:)
   OK   [keyboard] closed via Backdrop click; dialog closed=true; focus returned to the SAME trigger button=true (now {"tag":"BUTTON","text":"Unpublish","inDialog":false,"id":"trigger"})
   OK   [mouse] opened; initial focus inside dialog (BUTTON:)
   OK   [mouse] closed via Enter on Keep (keyboard); dialog closed=true; focus returned to the SAME trigger button=true (now {"tag":"BUTTON","text":"Unpublish","inDialog":false,"id":"trigger"})
   OK   [keyboard] opened; initial focus inside dialog (BUTTON:)
   OK   [keyboard] closed via Enter on Keep (keyboard); dialog closed=true; focus returned to the SAME trigger button=true (now {"tag":"BUTTON","text":"Unpublish","inDialog":false,"id":"trigger"})
   OK   focus trap: 24 Tab/Shift+Tab presses never reached a focusable element outside the dialog (BODY = browser-chrome wrap step of native modal dialogs, content behind is inert; stops: BUTTON:Keep published | BUTTON:Unpublish | BODY:Skip to contentUnvei | BUTTON:)
   OK   after trap test + Esc: focus back on trigger
   OK   dialog is modal + labelled ({"labelledby":true,"describedby":true,"modal":true})
   OK   publish dialog opened, focus inside (BUTTON:)
   OK   publish dialog: Esc returns focus to Publish trigger ({"tag":"BUTTON","text":"Publish","inDialog":false,"id":"trigger"})
   OK   publish dialog: Cancel/X returns focus to trigger ({"tag":"BUTTON","text":"Publish","inDialog":false,"id":"trigger"})
RESULT fails=0
