▲ Next.js 16.3.8 (Turbopack)
- Environments: .env
✓ Running next.config.ts took 61ms

  Creating an optimized production build ...
✓ Compiled successfully in 8.5s
  Running TypeScript ...

  We detected TypeScript in your project and reconfigured your tsconfig.json file for you.
  The following suggested values were added to your tsconfig.json. These values can be changed to fit your project's needs:

  	- include was updated to add '.next-qa/types/**/*.ts'
  	- include was updated to add '.next-qa/dev/types/**/*.ts'

  Finished TypeScript in 6.2s ...
  Collecting page data using 7 workers ...
  Generating static pages using 7 workers (0/9) ...
  Generating static pages using 7 workers (2/9) 
  Generating static pages using 7 workers (4/9) 
  Generating static pages using 7 workers (6/9) 
✓ Generating static pages using 7 workers (9/9) in 323ms
  Finalizing page optimization ...

Route (app)
┌ ○ /
├ ○ /_not-found
├ ƒ /api/auth/forgot-password
├ ƒ /api/auth/google
├ ƒ /api/auth/google/callback
├ ƒ /api/auth/login
├ ƒ /api/auth/logout
├ ƒ /api/auth/me
├ ƒ /api/auth/reset-password
├ ƒ /api/auth/signup
├ ƒ /api/checkout
├ ƒ /api/checkout/status
├ ƒ /api/dev/payments/pay
├ ƒ /api/dev/payments/refund
├ ƒ /api/drops
├ ƒ /api/drops/[id]
├ ƒ /api/drops/[id]/files
├ ƒ /api/drops/[id]/publish
├ ƒ /api/drops/[id]/unpublish
├ ƒ /api/earnings
├ ƒ /api/files/[id]/original
├ ƒ /api/files/[id]/preview
├ ƒ /api/files/[id]/signed-url
├ ƒ /api/public/drops/[linkId]
├ ƒ /api/settings
├ ƒ /api/webhooks/[provider]
├ ƒ /dashboard
├ ƒ /dashboard/drops/[id]
├ ○ /design
├ ƒ /forgot-password
├ ƒ /login
├ ○ /manifest.webmanifest
├ ƒ /pay/mock/[sessionId]
├ ƒ /reset-password
├ ○ /robots.txt
├ ƒ /signup
└ ƒ /u/[linkId]


○  (Static)   prerendered as static content
ƒ  (Dynamic)  server-rendered on demand

