PASS    BUG-6a       seller verification → failed after checkout started: hosted pay refused (failed/unavailable), no ledger, buyer message says not charged; seller restored → NEW checkout works — failed/unavailable; msg="This item is no longer available for purchase. You have not been charged."
PASS    BUG-6b-unpublished drop unpublished after checkout started: pay refused, no ledger, tx failed — failed/unavailable
PASS    BUG-6b-flagged drop flagged after checkout started: pay refused, no ledger, tx failed — failed/unavailable
PASS    BUG-6b-draft drop draft after checkout started: pay refused, no ledger, tx failed — failed/unavailable
PASS    BUG-6c       30-day-old pending txn: pay refused (session_expired), status API expired w/ friendly message — failed; status API msg="This checkout has expired. Please go back to the page and start again." retryable=false
PASS    BUG-6d       expiry boundary: 29 min → payable; 31 min → refused; (ttl via DB backdating) — 29 min succeeded; 31 min refused
PASS    BUG-6e       exact TTL boundary via real wait: set ttl=1 min, checkout, pay at ~55 s ok vs after 61 s refused — 55 s: succeeded; 63 s: failed/session_expired
PASS    BUG-6f       expirePendingCheckouts() sweep: expires only >TTL pending rows, not recent or non-pending — swept 1
PASS    VOID-1       webhook success AFTER seller verification failed: not credited; tx failed/invalid_at_capture, review_reason=seller_not_verified, refund requested, ledger 0, seller balance unchanged, no download access (status not succeeded) — voided:seller_not_verified; refund_requested_at set; ledger 0; balance unchanged; buyer msg="This purchase could not be completed. If you were charged, the payment is being refunded."
PASS    VOID-2-unpublished webhook success after drop unpublished → voided:drop_unavailable — voided:drop_unavailable
PASS    VOID-2-flagged webhook success after drop flagged → voided:drop_unavailable — voided:drop_unavailable
PASS    VOID-3       webhook success for session older than TTL+grace (31 min + 1440 → backdate 25 h) → voided:session_expired; within grace (60 min old, status expired) → honoured (success, 3 lines) — 25 h old → voided (voided:session_expired); expired 60 min ago, paid within grace → honoured (late-success policy)
PASS    VOID-4       voided txn: replays are idempotent (no 2nd refund request, no ledger); sale_failed after void ignored; processor's refund webhook → void_refund_confirmed with NO ledger change; further refund/chargeback events don't create ledger; double void refund only once — replay=duplicate; new-evt=duplicate/undefined; fail-after-void=ignored/voided; refund hook=void_refund_confirmed; chargeback on voided=processed/void_refund_confirmed
PASS    VOID-5       concurrent late-success deliveries ×10 (different event ids) on an expired>grace txn → exactly one void, one refund request, ledger 0, no 5xx — pddddddddd
PASS    VOID-6       void refund provider failure path: refund_requested_at NULL rows are retried by retryVoidRefunds() (ops hook) and requested exactly once — retry hook requested 1; second run 0 (this tx not repeated: true)
PASS    VOID-7       invariants over ALL voided txns: ledger 0 per txn, review_reason set, status failed, refund_requested_at set (or retry pending), seller ledger sum == Σ settled txns' expected net — 14 voided txns, 0 awaiting refund retry (should be 1 from VOID-6 reset? 0); none have ledger
PASS    VOID-8       voided refund doesn't consume refund limits/earnings: earnings API for the seller counts voided txns as neither sale nor refund — earnings.recent excludes failed? failed in recent=15; balance 6240 == ledger
PASS    VOID-9       money math for expiry-boundary sale honoured in grace: gross==net+fees, no negative — 288 settled txns satisfy gross == net+platform+processing
PASS    VOID-10      pay at TTL expiry vs webhook race: concurrent {expire sweep, pay} ×20 → each txn ends consistent (succeeded ⇒ 3 lines; failed ⇒ 0 lines), no 5xx — 20 boundary races: 20 succeeded(3 lines), 0 expired(0 lines), 0 inconsistent
PASS    BUG-7a       decline then retry on SAME session works (all 5 decline classes), each decline shows friendly message & no raw code; status API retryable:true — card_declined:"Your card was declined. Please t…"→retry ok | insufficient_funds:"Your card has insufficient funds…"→retry ok | expired_card:"Your card has expired. Please tr…"→retry ok | incorrect_cvc:"The security code you entered is…"→retry ok | unrecognized:"Your card couldn't be processed.…"→ret
PASS    BUG-7b       repeated declines (3×) then success on one session: each attempt distinct processor txn (not deduped away), final 1 posting; retry after success is idempotent — 3 declines + success: ledger 3 lines; processed events 4; later decline ignored
PASS    BUG-7c       expired / unavailable / void sessions are NOT retryable and show friendly copy; no raw codes anywhere in simulator JSON `message` or status API — expired: "This checkout has expired. Please go back to the page and start again."; pay→failed
PASS    BUG-7d       hosted page + link page HTML contain no raw failure codes; mock page renders sales-final; (browser flow in qa-pay-ui.mjs) — sales-final present on both; no raw codes in HTML
PASS    INV-1        global invariants after all R2 scenarios: per-tx reversed ≤ amount; no ledger on pending/failed; Σ ledger == earnings total per seller; no negative sale credits; 0 duplicate pending — all hold (533 txns, 1504 ledger lines)

Saved pay2-r2b-results.json: PASS 24 FAIL 0 BLOCKED 0 NOTE 0
