PASS    JAN-1        auth matrix on live server (CRON_SECRET set): no header 401; wrong 401; empty bearer 401; 'Bearer' only 401; Basic scheme 401; lowercase 'bearer' ?; prefix/suffix/different-length/short/long tokens 401; trailing space; correct 200 — 19 cases as expected; lowercase 'bearer' scheme → 401 (INFO; regex is case-sensitive "Bearer"); extra/trailing whitespace tolerated (200)
PASS    JAN-2        401 response shape: WWW-Authenticate: Bearer, JSON {error,code}, no secret/expected-length echo, Cache-Control no-store / noindex headers — 401 body={"error":"Unauthorized","code":"unauthorized"}; WWW-Authenticate=Bearer; X-Robots-Tag=noindex, nofollow; 200 Cache-Control=no-store; secret in 200 body? false
PASS    JAN-3        GET vs POST both work with the bearer; HEAD/PUT/DELETE/PATCH/OPTIONS behave (405 or 401, never executes janitor); GET without header cannot run it (browser CSRF/img tag can't add header; cookies ignored) — PUT:405 DELETE:405 PATCH:405 HEAD:200 POST+foreign Origin+bearer:403; cookie-only GET with foreign Origin/Referer → 401 and no run; GET 200, POST 200. (Foreign Origin with correct bearer is blocked by api() same-origin guard on POST: 403)
PASS    JAN-4        200 body shape {skipped:false, counts{6 keys}, errors[], durationMs}; secret never in body/logs; idempotent repeat run → zeros — first={"expiredCheckouts":0,"voidRefundsRequested":0,"voidRefundsFailed":0,"voidRefundsGaveUp":0,"parkedEventsApplied":0,"parkedEventsFlaggedStale":0} repeat={"expiredCheckouts":0,"voidRefundsRequested":0,"voidRefundsFailed":0,"voidRefundsGaveUp":0,"parkedEventsApplied":0,"parkedEventsFlaggedStale":
PASS    JAN-5        limiter on DEFAULT-limits server: 30/min per IP counted BEFORE auth (30 bad tokens → 401s then 429 with Retry-After; a correct token after exhaustion is also 429); other IP unaffected — first 429 at request #31; correct token while limited → 429 (Retry-After 60); other IP → 200
PASS    JAN-6        X-Forwarded-For spoofing: with no overwriting proxy the limiter keys on the (client-controlled) XFF → rotating single XFF evades the 30/min cap (same finding as round-1 M3-16 note); report behaviour, ensure still no auth bypass — 60 requests each with a different single XFF value: 60×401, 0×429 (limiter evaded by header rotation — deployment must overwrite XFF at the proxy / TRUSTED_PROXY_HOPS; MEDIUM-LOW deployment note); 40 requests with constant right-most XFF entry + rotating left entries: 10×429 (spoofed prefix ignored)
PASS    JAN-7        secret handling: CRON_SECRET and bearer tokens never appear in server logs, response bodies of any status, or webhook/audit tables — not in logs/audit_log/responses
PASS    JAN-8        503 ordering: CRON_SECRET unset or <32 chars → 503 even WITH a header (correct/incorrect/none), checked BEFORE token compare; 503 body doesn't reveal secret; limiter still counted first — unset/empty: 5×POST+GET → 503; 31 chars: 5×POST+GET → 503; limiter before 503 check: 10×429 of 40; exactly 32 chars → 200
PASS    JAN-9        expiry: janitor expires only >TTL pending (boundary 29:59 stays pending, 30:30 expired), TTL setting honoured (ttl=5 → 6 min old expires), sold txns untouched; repeat run 0 — run1 expired=1; ttl=5 run expired>=1 (429); repeat=0
retryVoidRefunds provider bogus unavailable for void refund
retryVoidRefunds provider bogus unavailable for void refund
retryVoidRefunds provider bogus unavailable for void refund
retryVoidRefunds provider bogus unavailable for void refund
retryVoidRefunds provider bogus unavailable for void refund
PASS    JAN-10       void-refund retry: provider failure → attempts++, last_error, next_attempt backoff (base*2^(n-1)); janitor skips until due; cap=5 then gaveUp; recovery after provider back; ledger 0 throughout — run1: attempts=1 failed=1 gaveUp=0 next=+5m | run2: attempts=2 failed=1 gaveUp=0 next=+10m | run3: attempts=3 failed=1 gaveUp=0 next=+20m | run4: attempts=4 failed=1 gaveUp=0 next=+40m | run5: attempts=5 failed=1 gaveUp=1 next=+80m | run6: attempts=5 failed=0 gaveUp=1 next=+0m | not-due row skipped 
retryVoidRefunds provider bogus unavailable for void refund
retryVoidRefunds provider bogus unavailable for void refund
PASS    JAN-11       attempt cap setting honoured (max=2) and gaveUp rows are not retried on later runs; admin list shows refund FAILED — attempts stopped at 2; gaveUp=1 (standing condition; row stays refund_requested_at NULL until ops resets)
PASS    JAN-12       janitor ‖ live webhook: concurrent janitor runs ×8 while 10 late-success webhooks (new event ids) hit the same expired txn and 20 other void candidates: exactly one void/refund request per txn, ledger 0, no double refund requests (provider call count via idempotency key), no deadlock/5xx — 20 voided txns: all failed/invalid_at_capture, review_reason set, refund_requested_at set, 0 ledger; 8 concurrent janitor runs → 7 skipped (advisory lock), 1 executed; webhooks 200 ×30, target processed once
PASS    JAN-13       advisory lock: concurrent janitor runs in-process (×12) → exactly ≥1 executes, others {skipped:true, reason:'already_running'}; lock released afterwards (next run executes); a crashed holder's lock is released with connection — 12 simultaneous: 1 executed / 11 skipped; lock freed; external holder → skipped; after disconnect → runs
PASS    JAN-14       parked events: refund+chargeback parked before sale; sale lands → applied in-order inside sale tx; janitor retryParkedEvents on already-applied = no double posting; stale flag after threshold (stale_flagged_at set once), never deleted, late sale still applies; repeated janitor runs idempotent — parked rows=2 → stale flagged=2 (2nd run flagged 0); late sale processed/ → tx charged_back, ledger 9 lines; parked remaining 0; janitor after apply changed nothing (applied=0)
PASS    JAN-15       parked retry via janitor when sale was applied by a path that skipped applyParked (simulate: set parked rows back after sale) → applied exactly once, ledger nets; second run no-op — refund processed once (3→6 lines); janitor runs applied=0/0; seller balance unchanged
retryVoidRefunds provider bogus unavailable for void refund
PASS    JAN-16       step failure isolation / provider failures: bogus provider on 3 void rows doesn't stop expiry or parked steps; errors[] empty (failures are per-row), audit_log row 'payments_janitor_run' written when work done, not on quiet runs; heartbeat runs++ each run — busy run: {"expiredCheckouts":1,"voidRefundsRequested":0,"voidRefundsFailed":1,"voidRefundsGaveUp":0,"parkedEventsApplied":0,"parkedEventsFlaggedStale":0}; audit row +1 only on busy run; heartbeat runs +1 per run
PASS    JAN-17       expiry boundary race: pay at exactly TTL±0.1s while janitor runs (×20): each txn consistent (succeeded ⇒ 3 lines; expired ⇒ 0), no 5xx, no negative/dup ledger — 20 races: 20 succeeded(3 lines) / 0 failed(0 lines); webhook-after-expiry within grace honoured
PASS    JAN-18       money invariants after janitor storm: every voided/expired txn has 0 ledger lines; Σ ledger per txn == seller_net for unrefunded; gross == fees+net; no negative seller balance created by janitor — all invariants hold over 1829 txns / 1645 ledger lines
◇ injected env (0) from .env.local
◇ injected env (0) from .env
PASS    JAN-19       CLI `npm run payments:janitor`: prints JSON result, exit 0; exit 1 when a step errors (simulate: DB table rename in a txn is invasive → use broken DATABASE_URL: exit non-zero, no stack secrets); runs concurrently with HTTP trigger → one skipped — CLI ok: {"skipped":false,"counts":{"expiredCheckouts":0,"voidRefundsRequested":0,"voidRefundsFailed":0,"voidRefundsGaveUp":0,"parkedEventsApplied":0; bad credentials exit=1; stderr has no secrets

Saved pay3-n2-results.json: PASS 19 FAIL 0 BLOCKED 0 NOTE 0
