▲ Next.js 16.3.8
- Local:         http://localhost:3817
- Network:       http://172.30.0.2:3817
✓ Ready in 156ms
✓ Running next.config.ts took 34ms
⨯ TypeError: 'TRACE' HTTP method is unsupported.
    at new e5 (.next-qa/server/chunks/[root-of-the-server]__0l3yhx4._.js:1:60257)
    at tr.fromNodeNextRequest (.next-qa/server/chunks/[root-of-the-server]__0l3yhx4._.js:1:61529)
    at Module.E [as handler] (.next-qa/server/chunks/[root-of-the-server]__19p48ns._.js:1:5058)
⨯ TypeError: 'TRACE' HTTP method is unsupported.
    at new e5 (.next-qa/server/chunks/[root-of-the-server]__0l3yhx4._.js:1:60257)
    at tr.fromNodeNextRequest (.next-qa/server/chunks/[root-of-the-server]__0l3yhx4._.js:1:61529)
    at Module.E [as handler] (.next-qa/server/chunks/[root-of-the-server]__19p48ns._.js:1:5058)
⨯ TypeError: 'TRACE' HTTP method is unsupported.
    at new e5 (.next-qa/server/chunks/[root-of-the-server]__0l3yhx4._.js:1:60257)
    at tr.fromNodeNextRequest (.next-qa/server/chunks/[root-of-the-server]__0l3yhx4._.js:1:61529)
    at Module.E [as handler] (.next-qa/server/chunks/[root-of-the-server]__19p48ns._.js:1:5058)
unhandled api error TypeError: Cannot read properties of undefined (reading 'wait')
    at <unknown> (.next-qa/server/chunks/[root-of-the-server]__0owtjs2._.js:13:85)
    at async c (.next-qa/server/chunks/_1-l25y8._.js:3:1499)
    at async d (.next-qa/server/chunks/[root-of-the-server]__0owtjs2._.js:10:3067)
    at async (.next-qa/server/chunks/[root-of-the-server]__0owtjs2._.js:1:2231)
    at async (.next-qa/server/chunks/_0dvkn0b._.js:1:20296)
    at async Z (.next-qa/server/chunks/[root-of-the-server]__0owtjs2._.js:1:6056)
unhandled api error TypeError: Cannot read properties of undefined (reading 'wait')
    at <unknown> (.next-qa/server/chunks/[root-of-the-server]__0owtjs2._.js:13:85)
    at async c (.next-qa/server/chunks/_1-l25y8._.js:3:1499)
    at async d (.next-qa/server/chunks/[root-of-the-server]__0owtjs2._.js:10:3067)
    at async (.next-qa/server/chunks/[root-of-the-server]__0owtjs2._.js:1:2231)
    at async (.next-qa/server/chunks/_0dvkn0b._.js:1:20296)
    at async Z (.next-qa/server/chunks/[root-of-the-server]__0owtjs2._.js:1:6056)
unhandled api error TypeError: Cannot read properties of undefined (reading 'wait')
    at <unknown> (.next-qa/server/chunks/[root-of-the-server]__0owtjs2._.js:13:85)
    at async c (.next-qa/server/chunks/_1-l25y8._.js:3:1499)
    at async d (.next-qa/server/chunks/[root-of-the-server]__0owtjs2._.js:10:3067)
    at async (.next-qa/server/chunks/[root-of-the-server]__0owtjs2._.js:1:2231)
    at async (.next-qa/server/chunks/_0dvkn0b._.js:1:20296)
    at async Z (.next-qa/server/chunks/[root-of-the-server]__0owtjs2._.js:1:6056)
unhandled api error TypeError: Cannot read properties of undefined (reading 'wait')
    at <unknown> (.next-qa/server/chunks/[root-of-the-server]__0owtjs2._.js:13:85)
    at async c (.next-qa/server/chunks/_1-l25y8._.js:3:1499)
    at async d (.next-qa/server/chunks/[root-of-the-server]__0owtjs2._.js:10:3067)
    at async u (.next-qa/server/chunks/[root-of-the-server]__0owtjs2._.js:15:393)
    at async (.next-qa/server/chunks/[root-of-the-server]__0wvz80n._.js:1:2133)
    at async (.next-qa/server/chunks/_0dvkn0b._.js:1:20296)
    at async Z (.next-qa/server/chunks/[root-of-the-server]__0wvz80n._.js:1:5609)
unhandled api error TypeError: Cannot read properties of undefined (reading 'wait')
    at <unknown> (.next-qa/server/chunks/[root-of-the-server]__0owtjs2._.js:13:85)
    at async c (.next-qa/server/chunks/_1-l25y8._.js:3:1499)
    at async d (.next-qa/server/chunks/[root-of-the-server]__0owtjs2._.js:10:3067)
    at async u (.next-qa/server/chunks/[root-of-the-server]__0owtjs2._.js:15:393)
    at async (.next-qa/server/chunks/[root-of-the-server]__0wvz80n._.js:1:2133)
    at async (.next-qa/server/chunks/_0dvkn0b._.js:1:20296)
    at async Z (.next-qa/server/chunks/[root-of-the-server]__0wvz80n._.js:1:5609)
unhandled api error TypeError: Cannot read properties of undefined (reading 'wait')
    at <unknown> (.next-qa/server/chunks/[root-of-the-server]__0owtjs2._.js:13:85)
    at async c (.next-qa/server/chunks/_1-l25y8._.js:3:1499)
    at async d (.next-qa/server/chunks/[root-of-the-server]__0owtjs2._.js:10:3067)
    at async u (.next-qa/server/chunks/[root-of-the-server]__0owtjs2._.js:15:393)
    at async (.next-qa/server/chunks/[root-of-the-server]__0wvz80n._.js:1:2133)
    at async (.next-qa/server/chunks/_0dvkn0b._.js:1:20296)
    at async Z (.next-qa/server/chunks/[root-of-the-server]__0wvz80n._.js:1:5609)
unhandled api error TypeError: Cannot read properties of undefined (reading 'wait')
    at <unknown> (.next-qa/server/chunks/[root-of-the-server]__0owtjs2._.js:13:85)
    at async c (.next-qa/server/chunks/_1-l25y8._.js:3:1499)
    at async d (.next-qa/server/chunks/[root-of-the-server]__0owtjs2._.js:10:3067)
    at async u (.next-qa/server/chunks/[root-of-the-server]__0owtjs2._.js:15:393)
    at async (.next-qa/server/chunks/[root-of-the-server]__0wvz80n._.js:1:2133)
    at async (.next-qa/server/chunks/_0dvkn0b._.js:1:20296)
    at async Z (.next-qa/server/chunks/[root-of-the-server]__0wvz80n._.js:1:5609)
unhandled api error TypeError: Cannot read properties of undefined (reading 'wait')
    at <unknown> (.next-qa/server/chunks/[root-of-the-server]__0owtjs2._.js:13:85)
    at async c (.next-qa/server/chunks/_1-l25y8._.js:3:1499)
    at async d (.next-qa/server/chunks/[root-of-the-server]__0owtjs2._.js:10:3067)
    at async u (.next-qa/server/chunks/[root-of-the-server]__0owtjs2._.js:15:393)
    at async (.next-qa/server/chunks/[root-of-the-server]__0wvz80n._.js:1:2133)
    at async (.next-qa/server/chunks/_0dvkn0b._.js:1:20296)
    at async Z (.next-qa/server/chunks/[root-of-the-server]__0wvz80n._.js:1:5609)
unhandled api error TypeError: Cannot read properties of undefined (reading 'wait')
    at <unknown> (.next-qa/server/chunks/[root-of-the-server]__0owtjs2._.js:13:85)
    at async c (.next-qa/server/chunks/_1-l25y8._.js:3:1499)
    at async d (.next-qa/server/chunks/[root-of-the-server]__0owtjs2._.js:10:3067)
    at async u (.next-qa/server/chunks/[root-of-the-server]__0owtjs2._.js:15:393)
    at async (.next-qa/server/chunks/[root-of-the-server]__0wvz80n._.js:1:2133)
    at async (.next-qa/server/chunks/_0dvkn0b._.js:1:20296)
    at async Z (.next-qa/server/chunks/[root-of-the-server]__0wvz80n._.js:1:5609)
unhandled api error TypeError: Cannot read properties of undefined (reading 'wait')
    at <unknown> (.next-qa/server/chunks/[root-of-the-server]__0owtjs2._.js:13:85)
    at async c (.next-qa/server/chunks/_1-l25y8._.js:3:1499)
    at async d (.next-qa/server/chunks/[root-of-the-server]__0owtjs2._.js:10:3067)
    at async u (.next-qa/server/chunks/[root-of-the-server]__0owtjs2._.js:15:393)
    at async (.next-qa/server/chunks/[root-of-the-server]__0wvz80n._.js:1:2133)
    at async (.next-qa/server/chunks/_0dvkn0b._.js:1:20296)
    at async Z (.next-qa/server/chunks/[root-of-the-server]__0wvz80n._.js:1:5609)
unhandled api error TypeError: Cannot read properties of undefined (reading 'wait')
    at <unknown> (.next-qa/server/chunks/[root-of-the-server]__0owtjs2._.js:13:85)
    at async c (.next-qa/server/chunks/_1-l25y8._.js:3:1499)
    at async d (.next-qa/server/chunks/[root-of-the-server]__0owtjs2._.js:10:3067)
    at async u (.next-qa/server/chunks/[root-of-the-server]__0owtjs2._.js:15:393)
    at async (.next-qa/server/chunks/[root-of-the-server]__0wvz80n._.js:1:2133)
    at async (.next-qa/server/chunks/_0dvkn0b._.js:1:20296)
    at async Z (.next-qa/server/chunks/[root-of-the-server]__0wvz80n._.js:1:5609)
unhandled api error TypeError: Cannot read properties of undefined (reading 'wait')
    at <unknown> (.next-qa/server/chunks/[root-of-the-server]__0owtjs2._.js:13:85)
    at async c (.next-qa/server/chunks/_1-l25y8._.js:3:1499)
    at async d (.next-qa/server/chunks/[root-of-the-server]__0owtjs2._.js:10:3067)
    at async u (.next-qa/server/chunks/[root-of-the-server]__0owtjs2._.js:15:393)
    at async (.next-qa/server/chunks/[root-of-the-server]__0wvz80n._.js:1:2133)
    at async (.next-qa/server/chunks/_0dvkn0b._.js:1:20296)
    at async Z (.next-qa/server/chunks/[root-of-the-server]__0wvz80n._.js:1:5609)
unhandled api error TypeError: Cannot read properties of undefined (reading 'wait')
    at <unknown> (.next-qa/server/chunks/[root-of-the-server]__0owtjs2._.js:13:85)
    at async c (.next-qa/server/chunks/_1-l25y8._.js:3:1499)
    at async d (.next-qa/server/chunks/[root-of-the-server]__0owtjs2._.js:10:3067)
    at async u (.next-qa/server/chunks/[root-of-the-server]__0owtjs2._.js:15:393)
    at async (.next-qa/server/chunks/[root-of-the-server]__0wvz80n._.js:1:2133)
    at async (.next-qa/server/chunks/_0dvkn0b._.js:1:20296)
    at async Z (.next-qa/server/chunks/[root-of-the-server]__0wvz80n._.js:1:5609)
unhandled api error TypeError: Cannot read properties of undefined (reading 'wait')
    at <unknown> (.next-qa/server/chunks/[root-of-the-server]__0owtjs2._.js:13:85)
    at async c (.next-qa/server/chunks/_1-l25y8._.js:3:1499)
    at async d (.next-qa/server/chunks/[root-of-the-server]__0owtjs2._.js:10:3067)
    at async u (.next-qa/server/chunks/[root-of-the-server]__0owtjs2._.js:15:393)
    at async (.next-qa/server/chunks/[root-of-the-server]__0wvz80n._.js:1:2133)
    at async (.next-qa/server/chunks/_0dvkn0b._.js:1:20296)
    at async Z (.next-qa/server/chunks/[root-of-the-server]__0wvz80n._.js:1:5609)
unhandled api error TypeError: Cannot read properties of undefined (reading 'wait')
    at <unknown> (.next-qa/server/chunks/[root-of-the-server]__0owtjs2._.js:13:85)
    at async c (.next-qa/server/chunks/_1-l25y8._.js:3:1499)
    at async d (.next-qa/server/chunks/[root-of-the-server]__0owtjs2._.js:10:3067)
    at async u (.next-qa/server/chunks/[root-of-the-server]__0owtjs2._.js:15:393)
    at async (.next-qa/server/chunks/[root-of-the-server]__0wvz80n._.js:1:2133)
    at async (.next-qa/server/chunks/_0dvkn0b._.js:1:20296)
    at async Z (.next-qa/server/chunks/[root-of-the-server]__0wvz80n._.js:1:5609)
unhandled api error TypeError: Cannot read properties of undefined (reading 'wait')
    at <unknown> (.next-qa/server/chunks/[root-of-the-server]__0owtjs2._.js:13:85)
    at async c (.next-qa/server/chunks/_1-l25y8._.js:3:1499)
    at async d (.next-qa/server/chunks/[root-of-the-server]__0owtjs2._.js:10:3067)
    at async u (.next-qa/server/chunks/[root-of-the-server]__0owtjs2._.js:15:393)
    at async (.next-qa/server/chunks/[root-of-the-server]__0wvz80n._.js:1:2133)
    at async (.next-qa/server/chunks/_0dvkn0b._.js:1:20296)
    at async Z (.next-qa/server/chunks/[root-of-the-server]__0wvz80n._.js:1:5609)
unhandled api error TypeError: Cannot read properties of undefined (reading 'wait')
    at <unknown> (.next-qa/server/chunks/[root-of-the-server]__0owtjs2._.js:13:85)
    at async c (.next-qa/server/chunks/_1-l25y8._.js:3:1499)
    at async d (.next-qa/server/chunks/[root-of-the-server]__0owtjs2._.js:10:3067)
    at async u (.next-qa/server/chunks/[root-of-the-server]__0owtjs2._.js:15:393)
    at async (.next-qa/server/chunks/[root-of-the-server]__0wvz80n._.js:1:2133)
    at async (.next-qa/server/chunks/_0dvkn0b._.js:1:20296)
    at async Z (.next-qa/server/chunks/[root-of-the-server]__0wvz80n._.js:1:5609)
unhandled api error TypeError: Cannot read properties of undefined (reading 'wait')
    at <unknown> (.next-qa/server/chunks/[root-of-the-server]__0owtjs2._.js:13:85)
    at async c (.next-qa/server/chunks/_1-l25y8._.js:3:1499)
    at async d (.next-qa/server/chunks/[root-of-the-server]__0owtjs2._.js:10:3067)
    at async u (.next-qa/server/chunks/[root-of-the-server]__0owtjs2._.js:15:393)
    at async (.next-qa/server/chunks/[root-of-the-server]__0wvz80n._.js:1:2133)
    at async (.next-qa/server/chunks/_0dvkn0b._.js:1:20296)
    at async Z (.next-qa/server/chunks/[root-of-the-server]__0wvz80n._.js:1:5609)
unhandled api error TypeError: Cannot read properties of undefined (reading 'wait')
    at <unknown> (.next-qa/server/chunks/[root-of-the-server]__0owtjs2._.js:13:85)
    at async c (.next-qa/server/chunks/_1-l25y8._.js:3:1499)
    at async d (.next-qa/server/chunks/[root-of-the-server]__0owtjs2._.js:10:3067)
    at async u (.next-qa/server/chunks/[root-of-the-server]__0owtjs2._.js:15:393)
    at async (.next-qa/server/chunks/[root-of-the-server]__0wvz80n._.js:1:2133)
    at async (.next-qa/server/chunks/_0dvkn0b._.js:1:20296)
    at async Z (.next-qa/server/chunks/[root-of-the-server]__0wvz80n._.js:1:5609)
unhandled api error TypeError: Cannot read properties of undefined (reading 'wait')
    at <unknown> (.next-qa/server/chunks/[root-of-the-server]__0owtjs2._.js:13:85)
    at async c (.next-qa/server/chunks/_1-l25y8._.js:3:1499)
    at async d (.next-qa/server/chunks/[root-of-the-server]__0owtjs2._.js:10:3067)
    at async (.next-qa/server/chunks/[root-of-the-server]__0owtjs2._.js:1:2231)
    at async (.next-qa/server/chunks/_0dvkn0b._.js:1:20296)
    at async Z (.next-qa/server/chunks/[root-of-the-server]__0owtjs2._.js:1:6056)
unhandled api error TypeError: Cannot read properties of undefined (reading 'wait')
    at <unknown> (.next-qa/server/chunks/[root-of-the-server]__0owtjs2._.js:13:85)
    at async c (.next-qa/server/chunks/_1-l25y8._.js:3:1499)
    at async d (.next-qa/server/chunks/[root-of-the-server]__0owtjs2._.js:10:3067)
    at async (.next-qa/server/chunks/[root-of-the-server]__0owtjs2._.js:1:2231)
    at async (.next-qa/server/chunks/_0dvkn0b._.js:1:20296)
    at async Z (.next-qa/server/chunks/[root-of-the-server]__0owtjs2._.js:1:6056)
unhandled api error TypeError: Cannot read properties of undefined (reading 'wait')
    at <unknown> (.next-qa/server/chunks/[root-of-the-server]__0owtjs2._.js:13:85)
    at async c (.next-qa/server/chunks/_1-l25y8._.js:3:1499)
    at async d (.next-qa/server/chunks/[root-of-the-server]__0owtjs2._.js:10:3067)
    at async (.next-qa/server/chunks/[root-of-the-server]__0owtjs2._.js:1:2231)
    at async (.next-qa/server/chunks/_0dvkn0b._.js:1:20296)
    at async Z (.next-qa/server/chunks/[root-of-the-server]__0owtjs2._.js:1:6056)
unhandled api error TypeError: Cannot read properties of undefined (reading 'wait')
    at <unknown> (.next-qa/server/chunks/[root-of-the-server]__0owtjs2._.js:13:85)
    at async c (.next-qa/server/chunks/_1-l25y8._.js:3:1499)
    at async d (.next-qa/server/chunks/[root-of-the-server]__0owtjs2._.js:10:3067)
    at async (.next-qa/server/chunks/[root-of-the-server]__0owtjs2._.js:1:2231)
    at async (.next-qa/server/chunks/_0dvkn0b._.js:1:20296)
    at async Z (.next-qa/server/chunks/[root-of-the-server]__0owtjs2._.js:1:6056)
unhandled api error TypeError: Cannot read properties of undefined (reading 'wait')
    at <unknown> (.next-qa/server/chunks/[root-of-the-server]__0owtjs2._.js:13:85)
    at async c (.next-qa/server/chunks/_1-l25y8._.js:3:1499)
    at async d (.next-qa/server/chunks/[root-of-the-server]__0owtjs2._.js:10:3067)
    at async (.next-qa/server/chunks/[root-of-the-server]__0owtjs2._.js:1:2231)
    at async (.next-qa/server/chunks/_0dvkn0b._.js:1:20296)
    at async Z (.next-qa/server/chunks/[root-of-the-server]__0owtjs2._.js:1:6056)
unhandled api error TypeError: Cannot read properties of undefined (reading 'wait')
    at <unknown> (.next-qa/server/chunks/[root-of-the-server]__0owtjs2._.js:13:85)
    at async c (.next-qa/server/chunks/_1-l25y8._.js:3:1499)
    at async d (.next-qa/server/chunks/[root-of-the-server]__0owtjs2._.js:10:3067)
    at async (.next-qa/server/chunks/[root-of-the-server]__0owtjs2._.js:1:2231)
    at async (.next-qa/server/chunks/_0dvkn0b._.js:1:20296)
    at async Z (.next-qa/server/chunks/[root-of-the-server]__0owtjs2._.js:1:6056)
unhandled api error TypeError: Cannot read properties of undefined (reading 'wait')
    at <unknown> (.next-qa/server/chunks/[root-of-the-server]__0owtjs2._.js:13:85)
    at async c (.next-qa/server/chunks/_1-l25y8._.js:3:1499)
    at async d (.next-qa/server/chunks/[root-of-the-server]__0owtjs2._.js:10:3067)
    at async (.next-qa/server/chunks/[root-of-the-server]__0owtjs2._.js:1:2231)
    at async (.next-qa/server/chunks/_0dvkn0b._.js:1:20296)
    at async Z (.next-qa/server/chunks/[root-of-the-server]__0owtjs2._.js:1:6056)
unhandled api error TypeError: Cannot read properties of undefined (reading 'wait')
    at <unknown> (.next-qa/server/chunks/[root-of-the-server]__0owtjs2._.js:13:85)
    at async c (.next-qa/server/chunks/_1-l25y8._.js:3:1499)
    at async d (.next-qa/server/chunks/[root-of-the-server]__0owtjs2._.js:10:3067)
    at async (.next-qa/server/chunks/[root-of-the-server]__0owtjs2._.js:1:2231)
    at async (.next-qa/server/chunks/_0dvkn0b._.js:1:20296)
    at async Z (.next-qa/server/chunks/[root-of-the-server]__0owtjs2._.js:1:6056)
unhandled api error TypeError: Cannot read properties of undefined (reading 'wait')
    at <unknown> (.next-qa/server/chunks/[root-of-the-server]__0owtjs2._.js:13:85)
    at async c (.next-qa/server/chunks/_1-l25y8._.js:3:1499)
    at async d (.next-qa/server/chunks/[root-of-the-server]__0owtjs2._.js:10:3067)
    at async (.next-qa/server/chunks/[root-of-the-server]__0owtjs2._.js:1:2231)
    at async (.next-qa/server/chunks/_0dvkn0b._.js:1:20296)
    at async Z (.next-qa/server/chunks/[root-of-the-server]__0owtjs2._.js:1:6056)
unhandled api error TypeError: Cannot read properties of undefined (reading 'wait')
    at <unknown> (.next-qa/server/chunks/[root-of-the-server]__0owtjs2._.js:13:85)
    at async c (.next-qa/server/chunks/_1-l25y8._.js:3:1499)
    at async d (.next-qa/server/chunks/[root-of-the-server]__0owtjs2._.js:10:3067)
    at async (.next-qa/server/chunks/[root-of-the-server]__0owtjs2._.js:1:2231)
    at async (.next-qa/server/chunks/_0dvkn0b._.js:1:20296)
    at async Z (.next-qa/server/chunks/[root-of-the-server]__0owtjs2._.js:1:6056)
unhandled api error TypeError: Cannot read properties of undefined (reading 'wait')
    at <unknown> (.next-qa/server/chunks/[root-of-the-server]__0owtjs2._.js:13:85)
    at async c (.next-qa/server/chunks/_1-l25y8._.js:3:1499)
    at async d (.next-qa/server/chunks/[root-of-the-server]__0owtjs2._.js:10:3067)
    at async (.next-qa/server/chunks/[root-of-the-server]__0owtjs2._.js:1:2231)
    at async (.next-qa/server/chunks/_0dvkn0b._.js:1:20296)
    at async Z (.next-qa/server/chunks/[root-of-the-server]__0owtjs2._.js:1:6056)
unhandled api error TypeError: Cannot read properties of undefined (reading 'wait')
    at <unknown> (.next-qa/server/chunks/[root-of-the-server]__0owtjs2._.js:13:85)
    at async c (.next-qa/server/chunks/_1-l25y8._.js:3:1499)
    at async d (.next-qa/server/chunks/[root-of-the-server]__0owtjs2._.js:10:3067)
    at async (.next-qa/server/chunks/[root-of-the-server]__0owtjs2._.js:1:2231)
    at async (.next-qa/server/chunks/_0dvkn0b._.js:1:20296)
    at async Z (.next-qa/server/chunks/[root-of-the-server]__0owtjs2._.js:1:6056)
unhandled api error TypeError: Cannot read properties of undefined (reading 'wait')
    at <unknown> (.next-qa/server/chunks/[root-of-the-server]__0owtjs2._.js:13:85)
    at async c (.next-qa/server/chunks/_1-l25y8._.js:3:1499)
    at async d (.next-qa/server/chunks/[root-of-the-server]__0owtjs2._.js:10:3067)
    at async (.next-qa/server/chunks/[root-of-the-server]__0owtjs2._.js:1:2231)
    at async (.next-qa/server/chunks/_0dvkn0b._.js:1:20296)
    at async Z (.next-qa/server/chunks/[root-of-the-server]__0owtjs2._.js:1:6056)
unhandled api error TypeError: Cannot read properties of undefined (reading 'wait')
    at <unknown> (.next-qa/server/chunks/[root-of-the-server]__0owtjs2._.js:13:85)
    at async c (.next-qa/server/chunks/_1-l25y8._.js:3:1499)
    at async d (.next-qa/server/chunks/[root-of-the-server]__0owtjs2._.js:10:3067)
    at async (.next-qa/server/chunks/[root-of-the-server]__0owtjs2._.js:1:2231)
    at async (.next-qa/server/chunks/_0dvkn0b._.js:1:20296)
    at async Z (.next-qa/server/chunks/[root-of-the-server]__0owtjs2._.js:1:6056)
unhandled api error TypeError: Cannot read properties of undefined (reading 'wait')
    at <unknown> (.next-qa/server/chunks/[root-of-the-server]__0owtjs2._.js:13:85)
    at async c (.next-qa/server/chunks/_1-l25y8._.js:3:1499)
    at async d (.next-qa/server/chunks/[root-of-the-server]__0owtjs2._.js:10:3067)
    at async (.next-qa/server/chunks/[root-of-the-server]__0owtjs2._.js:1:2231)
    at async (.next-qa/server/chunks/_0dvkn0b._.js:1:20296)
    at async Z (.next-qa/server/chunks/[root-of-the-server]__0owtjs2._.js:1:6056)
unhandled api error TypeError: Cannot read properties of undefined (reading 'wait')
    at <unknown> (.next-qa/server/chunks/[root-of-the-server]__0owtjs2._.js:13:85)
    at async c (.next-qa/server/chunks/_1-l25y8._.js:3:1499)
    at async d (.next-qa/server/chunks/[root-of-the-server]__0owtjs2._.js:10:3067)
    at async (.next-qa/server/chunks/[root-of-the-server]__0owtjs2._.js:1:2231)
    at async (.next-qa/server/chunks/_0dvkn0b._.js:1:20296)
    at async Z (.next-qa/server/chunks/[root-of-the-server]__0owtjs2._.js:1:6056)
unhandled api error TypeError: Cannot read properties of undefined (reading 'wait')
    at <unknown> (.next-qa/server/chunks/[root-of-the-server]__0owtjs2._.js:13:85)
    at async c (.next-qa/server/chunks/_1-l25y8._.js:3:1499)
    at async d (.next-qa/server/chunks/[root-of-the-server]__0owtjs2._.js:10:3067)
    at async (.next-qa/server/chunks/[root-of-the-server]__0owtjs2._.js:1:2231)
    at async (.next-qa/server/chunks/_0dvkn0b._.js:1:20296)
    at async Z (.next-qa/server/chunks/[root-of-the-server]__0owtjs2._.js:1:6056)
unhandled api error TypeError: Cannot read properties of undefined (reading 'wait')
    at <unknown> (.next-qa/server/chunks/[root-of-the-server]__0owtjs2._.js:13:85)
    at async c (.next-qa/server/chunks/_1-l25y8._.js:3:1499)
    at async d (.next-qa/server/chunks/[root-of-the-server]__0owtjs2._.js:10:3067)
    at async (.next-qa/server/chunks/[root-of-the-server]__0owtjs2._.js:1:2231)
    at async (.next-qa/server/chunks/_0dvkn0b._.js:1:20296)
    at async Z (.next-qa/server/chunks/[root-of-the-server]__0owtjs2._.js:1:6056)
unhandled api error TypeError: Cannot read properties of undefined (reading 'wait')
    at <unknown> (.next-qa/server/chunks/[root-of-the-server]__0owtjs2._.js:13:85)
    at async c (.next-qa/server/chunks/_1-l25y8._.js:3:1499)
    at async d (.next-qa/server/chunks/[root-of-the-server]__0owtjs2._.js:10:3067)
    at async (.next-qa/server/chunks/[root-of-the-server]__0owtjs2._.js:1:2231)
    at async (.next-qa/server/chunks/_0dvkn0b._.js:1:20296)
    at async Z (.next-qa/server/chunks/[root-of-the-server]__0owtjs2._.js:1:6056)
unhandled api error TypeError: Cannot read properties of undefined (reading 'wait')
    at <unknown> (.next-qa/server/chunks/[root-of-the-server]__0owtjs2._.js:13:85)
    at async c (.next-qa/server/chunks/_1-l25y8._.js:3:1499)
    at async d (.next-qa/server/chunks/[root-of-the-server]__0owtjs2._.js:10:3067)
    at async (.next-qa/server/chunks/[root-of-the-server]__0owtjs2._.js:1:2231)
    at async (.next-qa/server/chunks/_0dvkn0b._.js:1:20296)
    at async Z (.next-qa/server/chunks/[root-of-the-server]__0owtjs2._.js:1:6056)
unhandled api error TypeError: Cannot read properties of undefined (reading 'wait')
    at <unknown> (.next-qa/server/chunks/[root-of-the-server]__0owtjs2._.js:13:85)
    at async c (.next-qa/server/chunks/_1-l25y8._.js:3:1499)
    at async d (.next-qa/server/chunks/[root-of-the-server]__0owtjs2._.js:10:3067)
    at async (.next-qa/server/chunks/[root-of-the-server]__0owtjs2._.js:1:2231)
    at async (.next-qa/server/chunks/_0dvkn0b._.js:1:20296)
    at async Z (.next-qa/server/chunks/[root-of-the-server]__0owtjs2._.js:1:6056)
unhandled api error TypeError: Cannot read properties of undefined (reading 'wait')
    at <unknown> (.next-qa/server/chunks/[root-of-the-server]__0owtjs2._.js:13:85)
    at async c (.next-qa/server/chunks/_1-l25y8._.js:3:1499)
    at async d (.next-qa/server/chunks/[root-of-the-server]__0owtjs2._.js:10:3067)
    at async (.next-qa/server/chunks/[root-of-the-server]__0owtjs2._.js:1:2231)
    at async (.next-qa/server/chunks/_0dvkn0b._.js:1:20296)
    at async Z (.next-qa/server/chunks/[root-of-the-server]__0owtjs2._.js:1:6056)
unhandled api error TypeError: Cannot read properties of undefined (reading 'wait')
    at <unknown> (.next-qa/server/chunks/[root-of-the-server]__0owtjs2._.js:13:85)
    at async c (.next-qa/server/chunks/_1-l25y8._.js:3:1499)
    at async d (.next-qa/server/chunks/[root-of-the-server]__0owtjs2._.js:10:3067)
    at async (.next-qa/server/chunks/[root-of-the-server]__0owtjs2._.js:1:2231)
    at async (.next-qa/server/chunks/_0dvkn0b._.js:1:20296)
    at async Z (.next-qa/server/chunks/[root-of-the-server]__0owtjs2._.js:1:6056)
unhandled api error TypeError: Cannot read properties of undefined (reading 'wait')
    at <unknown> (.next-qa/server/chunks/[root-of-the-server]__0owtjs2._.js:13:85)
    at async c (.next-qa/server/chunks/_1-l25y8._.js:3:1499)
    at async d (.next-qa/server/chunks/[root-of-the-server]__0owtjs2._.js:10:3067)
    at async (.next-qa/server/chunks/[root-of-the-server]__0owtjs2._.js:1:2231)
    at async (.next-qa/server/chunks/_0dvkn0b._.js:1:20296)
    at async Z (.next-qa/server/chunks/[root-of-the-server]__0owtjs2._.js:1:6056)
unhandled api error TypeError: Cannot read properties of undefined (reading 'wait')
    at <unknown> (.next-qa/server/chunks/[root-of-the-server]__0owtjs2._.js:13:85)
    at async c (.next-qa/server/chunks/_1-l25y8._.js:3:1499)
    at async d (.next-qa/server/chunks/[root-of-the-server]__0owtjs2._.js:10:3067)
    at async (.next-qa/server/chunks/[root-of-the-server]__0owtjs2._.js:1:2231)
    at async (.next-qa/server/chunks/_0dvkn0b._.js:1:20296)
    at async Z (.next-qa/server/chunks/[root-of-the-server]__0owtjs2._.js:1:6056)
unhandled api error TypeError: Cannot read properties of undefined (reading 'wait')
    at <unknown> (.next-qa/server/chunks/[root-of-the-server]__0owtjs2._.js:13:85)
    at async c (.next-qa/server/chunks/_1-l25y8._.js:3:1499)
    at async d (.next-qa/server/chunks/[root-of-the-server]__0owtjs2._.js:10:3067)
    at async (.next-qa/server/chunks/[root-of-the-server]__0owtjs2._.js:1:2231)
    at async (.next-qa/server/chunks/_0dvkn0b._.js:1:20296)
    at async Z (.next-qa/server/chunks/[root-of-the-server]__0owtjs2._.js:1:6056)
unhandled api error TypeError: Cannot read properties of undefined (reading 'wait')
    at <unknown> (.next-qa/server/chunks/[root-of-the-server]__0owtjs2._.js:13:85)
    at async c (.next-qa/server/chunks/_1-l25y8._.js:3:1499)
    at async d (.next-qa/server/chunks/[root-of-the-server]__0owtjs2._.js:10:3067)
    at async (.next-qa/server/chunks/[root-of-the-server]__0owtjs2._.js:1:2231)
    at async (.next-qa/server/chunks/_0dvkn0b._.js:1:20296)
    at async Z (.next-qa/server/chunks/[root-of-the-server]__0owtjs2._.js:1:6056)
unhandled api error TypeError: Cannot read properties of undefined (reading 'wait')
    at <unknown> (.next-qa/server/chunks/[root-of-the-server]__0owtjs2._.js:13:85)
    at async c (.next-qa/server/chunks/_1-l25y8._.js:3:1499)
    at async d (.next-qa/server/chunks/[root-of-the-server]__0owtjs2._.js:10:3067)
    at async (.next-qa/server/chunks/[root-of-the-server]__0owtjs2._.js:1:2231)
    at async (.next-qa/server/chunks/_0dvkn0b._.js:1:20296)
    at async Z (.next-qa/server/chunks/[root-of-the-server]__0owtjs2._.js:1:6056)
unhandled api error TypeError: Cannot read properties of undefined (reading 'wait')
    at <unknown> (.next-qa/server/chunks/[root-of-the-server]__0owtjs2._.js:13:85)
    at async c (.next-qa/server/chunks/_1-l25y8._.js:3:1499)
    at async d (.next-qa/server/chunks/[root-of-the-server]__0owtjs2._.js:10:3067)
    at async (.next-qa/server/chunks/[root-of-the-server]__0owtjs2._.js:1:2231)
    at async (.next-qa/server/chunks/_0dvkn0b._.js:1:20296)
    at async Z (.next-qa/server/chunks/[root-of-the-server]__0owtjs2._.js:1:6056)
unhandled api error TypeError: Cannot read properties of undefined (reading 'wait')
    at <unknown> (.next-qa/server/chunks/[root-of-the-server]__0owtjs2._.js:13:85)
    at async c (.next-qa/server/chunks/_1-l25y8._.js:3:1499)
    at async d (.next-qa/server/chunks/[root-of-the-server]__0owtjs2._.js:10:3067)
    at async (.next-qa/server/chunks/[root-of-the-server]__0owtjs2._.js:1:2231)
    at async (.next-qa/server/chunks/_0dvkn0b._.js:1:20296)
    at async Z (.next-qa/server/chunks/[root-of-the-server]__0owtjs2._.js:1:6056)
unhandled api error TypeError: Cannot read properties of undefined (reading 'wait')
    at <unknown> (.next-qa/server/chunks/[root-of-the-server]__0owtjs2._.js:13:85)
    at async c (.next-qa/server/chunks/_1-l25y8._.js:3:1499)
    at async d (.next-qa/server/chunks/[root-of-the-server]__0owtjs2._.js:10:3067)
    at async (.next-qa/server/chunks/[root-of-the-server]__0owtjs2._.js:1:2231)
    at async (.next-qa/server/chunks/_0dvkn0b._.js:1:20296)
    at async Z (.next-qa/server/chunks/[root-of-the-server]__0owtjs2._.js:1:6056)
unhandled api error TypeError: Cannot read properties of undefined (reading 'wait')
    at <unknown> (.next-qa/server/chunks/[root-of-the-server]__0owtjs2._.js:13:85)
    at async c (.next-qa/server/chunks/_1-l25y8._.js:3:1499)
    at async d (.next-qa/server/chunks/[root-of-the-server]__0owtjs2._.js:10:3067)
    at async (.next-qa/server/chunks/[root-of-the-server]__0owtjs2._.js:1:2231)
    at async (.next-qa/server/chunks/_0dvkn0b._.js:1:20296)
    at async Z (.next-qa/server/chunks/[root-of-the-server]__0owtjs2._.js:1:6056)
unhandled api error TypeError: Cannot read properties of undefined (reading 'wait')
    at <unknown> (.next-qa/server/chunks/[root-of-the-server]__0owtjs2._.js:13:85)
    at async c (.next-qa/server/chunks/_1-l25y8._.js:3:1499)
    at async d (.next-qa/server/chunks/[root-of-the-server]__0owtjs2._.js:10:3067)
    at async (.next-qa/server/chunks/[root-of-the-server]__0owtjs2._.js:1:2231)
    at async (.next-qa/server/chunks/_0dvkn0b._.js:1:20296)
    at async Z (.next-qa/server/chunks/[root-of-the-server]__0owtjs2._.js:1:6056)
unhandled api error TypeError: Cannot read properties of undefined (reading 'wait')
    at <unknown> (.next-qa/server/chunks/[root-of-the-server]__0owtjs2._.js:13:85)
    at async c (.next-qa/server/chunks/_1-l25y8._.js:3:1499)
    at async d (.next-qa/server/chunks/[root-of-the-server]__0owtjs2._.js:10:3067)
    at async (.next-qa/server/chunks/[root-of-the-server]__0owtjs2._.js:1:2231)
    at async (.next-qa/server/chunks/_0dvkn0b._.js:1:20296)
    at async Z (.next-qa/server/chunks/[root-of-the-server]__0owtjs2._.js:1:6056)
unhandled api error TypeError: Cannot read properties of undefined (reading 'wait')
    at <unknown> (.next-qa/server/chunks/[root-of-the-server]__0owtjs2._.js:13:85)
    at async c (.next-qa/server/chunks/_1-l25y8._.js:3:1499)
    at async d (.next-qa/server/chunks/[root-of-the-server]__0owtjs2._.js:10:3067)
    at async (.next-qa/server/chunks/[root-of-the-server]__0owtjs2._.js:1:2231)
    at async (.next-qa/server/chunks/_0dvkn0b._.js:1:20296)
    at async Z (.next-qa/server/chunks/[root-of-the-server]__0owtjs2._.js:1:6056)
unhandled api error TypeError: Cannot read properties of undefined (reading 'wait')
    at <unknown> (.next-qa/server/chunks/[root-of-the-server]__0owtjs2._.js:13:85)
    at async c (.next-qa/server/chunks/_1-l25y8._.js:3:1499)
    at async d (.next-qa/server/chunks/[root-of-the-server]__0owtjs2._.js:10:3067)
    at async (.next-qa/server/chunks/[root-of-the-server]__0owtjs2._.js:1:2231)
    at async (.next-qa/server/chunks/_0dvkn0b._.js:1:20296)
    at async Z (.next-qa/server/chunks/[root-of-the-server]__0owtjs2._.js:1:6056)
unhandled api error TypeError: Cannot read properties of undefined (reading 'wait')
    at <unknown> (.next-qa/server/chunks/[root-of-the-server]__0owtjs2._.js:13:85)
    at async c (.next-qa/server/chunks/_1-l25y8._.js:3:1499)
    at async d (.next-qa/server/chunks/[root-of-the-server]__0owtjs2._.js:10:3067)
    at async (.next-qa/server/chunks/[root-of-the-server]__0owtjs2._.js:1:2231)
    at async (.next-qa/server/chunks/_0dvkn0b._.js:1:20296)
    at async Z (.next-qa/server/chunks/[root-of-the-server]__0owtjs2._.js:1:6056)
unhandled api error TypeError: Cannot read properties of undefined (reading 'wait')
    at <unknown> (.next-qa/server/chunks/[root-of-the-server]__0owtjs2._.js:13:85)
    at async c (.next-qa/server/chunks/_1-l25y8._.js:3:1499)
    at async d (.next-qa/server/chunks/[root-of-the-server]__0owtjs2._.js:10:3067)
    at async (.next-qa/server/chunks/[root-of-the-server]__0owtjs2._.js:1:2231)
    at async (.next-qa/server/chunks/_0dvkn0b._.js:1:20296)
    at async Z (.next-qa/server/chunks/[root-of-the-server]__0owtjs2._.js:1:6056)
