
> unveil@0.1.0 e2e
> bash scripts/e2e.sh

== resetting e2e database
◇ injected env (0) from .env.local
◇ injected env (0) from .env
applied 001_init.sql
applied 002_platform_settings.sql
applied 003_fixes_1.sql
applied 004_fixes_2.sql
applied 005_payments_enums.sql
applied 006_payments.sql
applied 007_payments_hardening.sql
applied 008_checkout_buyer_binding.sql
applied 009_payments_janitor.sql
applied 010_admin_auth.sql
applied 011_audit_hardening.sql
done (11 applied)
== building app
== starting app on :3830
PASS  app is up; /api/settings returns configurable limits  — max image 15728640 bytes
PASS  signup creates seller with verification_status=pending + httpOnly session cookie
PASS  duplicate signup rejected (409); weak password rejected (400)
PASS  GET /api/auth/me: 401 without cookie, 200 + pending with cookie
PASS  tampered/forged session cookie is rejected
PASS  logout clears the cookie; login with wrong password = 401; correct = 200
PASS  cross-origin mutation blocked (CSRF guard)
PASS  dashboard page renders verification status 'Pending'
PASS  create drop; price bounds enforced ($1–$500) in API and DB  — public_link_id=KO9--ySzNgDY
PASS  upload rejects: unauthenticated (401), non-image (415), GIF (415), spoofed MIME (415)
PASS  upload size limit comes from platform_settings (413 when exceeded, editable without deploy)
PASS  upload generated photo-like JPEG (with EXIF) → 201  — 1600x1067, 600078 bytes, key=originals/9205630e-35e4-4625-8f26-ab760c91d784/66cb52cb-ceab-4bd7-b307-7fe0fb434497.jpg
PASS  original stored PRIVATELY: byte-identical in storage dir outside public/ and outside the web root  — /workspace/qa-pay4/.e2e/storage/originals/9205630e-35e4-4625-8f26-ab760c91d784/66cb52cb-ceab-4bd7-b307-7fe0fb434497.jpg (mode 600)
PASS  original NOT reachable at any public URL (guessable paths, storage key, unsigned API)  — 12 URLs × 2 clients → none returned the original
PASS  blurred preview exists in storage under blurred_preview_key and is served (owner, while draft)  — 1607 bytes
PASS  preview differs SUBSTANTIALLY from original (blur + downscale + EXIF stripped)  — detail ratio=0.116, upscaled-detail ratio=0.092, MAD=13.2/255, preview 320x213; wrote proof/compare.png
PASS  owner can mint signed URL; others cannot  — expires 2026-10-02T18:06:55.000Z
PASS  VALID signed URL → 200 and returns the exact original bytes (works without a session)
PASS  UNSIGNED / tampered / wrong-file signed URLs denied (403)
PASS  EXPIRED signed URL denied (410): real 2s-TTL link after waiting, and a pre-expired link
PASS  publish BLOCKED while verification_status=pending (403 verification_required); drop stays draft and is not public
PASS  after verification_status=verified: publish needs attestation, then succeeds; public page shows ONLY blurred
PASS  DB has all spec tables + seller row with verification_status=pending  — tables: admin_login_failure_buckets, admin_sessions, admins, audit_log, drop_files, drops, ledger_entries, login_throttle, password_reset_tokens, payments_janitor_state, payouts, platform_settings, rate_limits, reports, sellers, sessions, transactions, webhook_events
PASS  [#1 M1-04] logout revokes the session server-side: captured cookie replayed after logout -> 401  — old cookie 401 after logout; other device still 200; no-jti / unknown-jti tokens 401
PASS  [#2 M1-08] defaults: 10 files/drop and 2 GB/drop exposed via /api/settings  — files=10 total=2147483648
PASS  [#2 M1-08] 15 PARALLEL uploads to one drop -> exactly 10 succeed (201), 5 rejected (400 too_many_files)  — 10/15 accepted, DB rows=10, storage files=10
PASS  [#2 M1-08] per-drop total-size cap: sequential and parallel (setting lowered; 2 GB logic unit-tested separately)
PASS  [#3 M2-04] publish returns /u/<id>; /u/<id> serves the page; /d/<id> 308-redirects to /u/<id>
PASS  [#4 M2-07] public page + API show seller name, file count/types, title, price, blurred previews; no originals  — page: title, 'by E2E Seller', '1 file: 1 image', $15.00; 3-file drop shows '3 files: 3 images'
PASS  [#5 M2-09] noindex: meta robots + X-Robots-Tag on link page / public API / previews; robots.txt disallows /u/
PASS  [#6 M6-02] security headers on pages, API and files; no X-Powered-By  — CSP, HSTS, nosniff, XFO DENY, Referrer-Policy, Permissions-Policy present; X-Powered-By absent (strict-origin-when-cross-origin)
PASS  [#6 M6-02] CSP does not break the app: pages still serve inline bootstrap scripts (browser-less check: policy allows 'unsafe-inline' scripts)
PASS  [#7] bad / foreign / malformed Origin on mutating requests -> 403 JSON (never 500); same-origin still works
PASS  [#8] signed URL default TTL = 24 h; platform_settings.download_ttl_seconds overrides; explicit short TTL still expires (410)  — default 86400s, override 120s ok
PASS  [#9 M1-03] password policy: blocklist, email/local-part, repeated/sequential, length >= 10; clear messages; good password accepted  — 15 weak passwords + email/local-part rejected; e.g. "That password is too common. Choose something less predictable."
PASS  [#10 M2-05] re-publishing keeps the FIRST attestation timestamp; re-attestations are appended to attestation_history  — attested_at=2026-10-01T18:06:59.337Z kept; history entries=3 (first attestation untouched)
PASS  [#11] /api/checkout keeps its rate limit: handled (400 validation here) until the (env-configured 3/60s) limit, then 429 + Retry-After; other IPs unaffected  — Retry-After=60
PASS  [#11] download endpoint (/api/files/:id/original) rate limited per IP: 60 allowed/min then 429 + Retry-After
PASS  [#11] preview, public-link API, signed-url mint, login (per IP), signup are rate limited
PASS  [#12] password reset end-to-end via dev mail transport: no enumeration, hashed single-use token, 1h expiry, all sessions revoked, newest link only  — no enumeration; 2 sessions + captured cookie revoked; token hashed, single-use, 60 min, newest-only
PASS  [#12] reset pages render; forgot-password is rate limited (per IP 429, per email silently capped)
FAIL  [#13] attacker spamming 20 wrong passwords: first few 401, then 429 with Retry-After in 1..cap (never above); correct password DURING the delay is also refused, not evaluated  — correct password during the delay -> 429: expected 429, got 200
PASS  [#13] delays escalate exponentially (1,2,4 s) and are capped at the cap; a 429 never persists past Retry-After; no permanent lock  — Retry-After sequence: 1,2,4,4,4,4
PASS  [#13] a correct login resets the counter: next wrong passwords are free again (401,401) and only the 3rd arms the delay
PASS  [#13] no user enumeration: an unknown email gets the identical delay behaviour (401,401,401 then 429 + Retry-After <= cap)
PASS  [#13] password reset clears the login delay; delayed state is per email (other emails unaffected); DB bound: next_allowed_at <= last_attempt_at + 1 h
PASS  [pay] setup: seller signs up, is verified, creates a $20.00 drop with a file, publishes it
PASS  [pay] public drop page has the buy form (email + 18+ checkbox), no client-supplied amount
PASS  [pay] checkout validation: email required, 18+ confirmation required, amount field ignored, unpublished/unknown drop, cross-origin blocked
PASS  [pay] valid checkout: 201, PENDING transaction priced from the DB ($20 -> 2.40 / 2.00 / 15.60) even if the client sends an amount; nothing on the ledger
PASS  [pay] hosted mock checkout page renders (e2e runs the production build on loopback with the local-build flag)
PASS  [pay] bad signature is rejected (401) with NO state change; tampered body, wrong secret, stale timestamp, missing header all 401
PASS  [pay] unknown provider segment -> 404
PASS  [pay] signed sale webhook -> transaction succeeded, ledger = +20.00 / -2.00 / -2.40 (sums to 15.60), balance pending 15.60
PASS  [pay] duplicate webhook (same event, and same sale under a new event id) -> 200 'duplicate', still exactly one ledger posting and one succeeded charge
PASS  [pay] unknown transaction -> 200 ignored, nothing created
PASS  [pay] declined card: hosted-page 'pay' with the decline test card -> transaction failed (card_declined), no ledger; the approve card then works on a new checkout
PASS  [pay] out-of-order: refund webhook BEFORE the sale is parked (200), then applied when the sale arrives -> refunded, ledger nets to 0
PASS  [pay] refund: full refund of the $20 sale (via request + signed refund webhook) reverses the ledger exactly; double refund is rejected; partial refund on another sale is cents-exact
PASS  [pay] chargeback: webhook reverses the sale, status charged_back, and a negative balance is allowed
PASS  [pay] reconciliation log: every delivery above is recorded (processed/duplicate/rejected/ignored/parked) with hashes; ledger entries are append-only  — outcomes: {"duplicate":12,"ignored":1,"rejected":6,"processed":15}
PASS  [pay#1] concurrent identical POST /api/checkout (x8, same drop+email) -> ONE pending transaction/session; Idempotency-Key honoured (same key = same txn, other drop = 409)
PASS  [pay#1b] privacy (QA NEW-1): another client with the victim's email + drop gets its OWN session and never the victim's checkoutUrl/txn id; stale price supersedes
PASS  [pay#3] NUL byte / invalid strings in the event id or data.reference -> 400 (never 500) with a 'rejected' reconciliation row; garbage JSON -> 400; handler still healthy after
PASS  [pay#2] wrong-amount sale is rejected, then the correct sale (same processor txn id, NEW event id) is PROCESSED (not 'duplicate'); ignored/unknown outcomes don't burn the claim; replays still dedupe
PASS  [pay#4] repeat chargebacks flag the seller for review (threshold 3 in 90 days), exactly once, with an audit row; seller is NOT banned
PASS  [pay#5] 'all sales final' notice is on /u/<link> (next to the buy form) and on the hosted mock checkout page
PASS  [pay#7] decline -> friendly message (no raw code anywhere buyer-facing); retry with a good card on the SAME session succeeds
PASS  [pay#6] pending sessions expire (30 min TTL) and cannot be paid; seller un-verified / drop unpublished after checkout -> payment refused, webhook success voided (no ledger) and refund requested
PASS  [fu2] janitor route: 401 without/with a wrong bearer (no work done); 200 + counts with the right one; GET works too; wrong-token guessing is rate limited (429)
PASS  [fu2] janitor route is DISABLED (503, even with a bearer) when CRON_SECRET is unset
PASS  [fu3] admin CLI: refuses weak/short passwords, refuses to run without a password source, creates an admin (no default admin exists); duplicate refused
PASS  [fu3] NO admin route/page is reachable anonymously (401 / redirect) or with a SELLER session (403); nothing leaks
PASS  [fu3] admin login: uniform 401 (wrong pw / unknown email), cross-origin 403, progressive delay (429 + Retry-After) per email, success sets httpOnly+SameSite=Strict cookie, me works, logout revokes
PASS  [fu3] admin screens: flagged sellers + review transactions (page + API), noindex, robots disallow, no hashes; 'clear flag' is audited with the admin id, validated, once only
PASS  [ah] input hygiene over HTTP: NUL / lone surrogate / oversize / malformed ids never 500 (QA NEW-2 + audit of all text inputs)
PASS  [ah] audit_log is append-only for the app's own DB role; admin with history cannot be deleted; disable is audited
PASS  [ah] failed admin logins: audited (email, ip, reason), client responses identical, no existence leak, flooding bounded, no secrets in audit
PASS  [pay] production guard: with the mock NOT allowed (prod, no local-build flag) checkout=503, webhook=503, simulator + hosted mock page 404

78/79 checks passed
== DB evidence written to proof/db.txt
exit 1
