▲ Next.js 16.3.8
- Local:         http://localhost:3923
- Network:       http://172.30.0.2:3923
✓ Ready in 141ms
✓ Running next.config.ts took 32ms
unhandled api error error: column "credentials_version" does not exist
    at async t (.next-qa/server/chunks/_1-l25y8._.js:3:1338)
    at async l (.next-qa/server/chunks/_1-l25y8._.js:3:1397)
    at async h (.next-qa/server/chunks/[root-of-the-server]__0owtjs2._.js:5:1856)
    at async (.next-qa/server/chunks/[root-of-the-server]__0owtjs2._.js:1:2559)
    at async (.next-qa/server/chunks/_0dvkn0b._.js:1:20296)
    at async Z (.next-qa/server/chunks/[root-of-the-server]__0owtjs2._.js:1:6056) {
  length: 119,
  severity: 'ERROR',
  code: '42703',
  detail: undefined,
  hint: undefined,
  position: '47',
  internalPosition: undefined,
  internalQuery: undefined,
  where: undefined,
  schema: undefined,
  table: undefined,
  column: undefined,
  dataType: undefined,
  constraint: undefined,
  file: 'parse_relation.c',
  line: '3716',
  routine: 'errorMissingColumn'
}
unhandled api error error: column "credentials_version" does not exist
    at async t (.next-qa/server/chunks/_1-l25y8._.js:3:1338)
    at async l (.next-qa/server/chunks/_1-l25y8._.js:3:1397)
    at async h (.next-qa/server/chunks/[root-of-the-server]__0owtjs2._.js:5:1856)
    at async (.next-qa/server/chunks/[root-of-the-server]__0owtjs2._.js:1:2559)
    at async (.next-qa/server/chunks/_0dvkn0b._.js:1:20296)
    at async Z (.next-qa/server/chunks/[root-of-the-server]__0owtjs2._.js:1:6056) {
  length: 119,
  severity: 'ERROR',
  code: '42703',
  detail: undefined,
  hint: undefined,
  position: '47',
  internalPosition: undefined,
  internalQuery: undefined,
  where: undefined,
  schema: undefined,
  table: undefined,
  column: undefined,
  dataType: undefined,
  constraint: undefined,
  file: 'parse_relation.c',
  line: '3716',
  routine: 'errorMissingColumn'
}
unhandled api error error: column "credentials_version" does not exist
    at async t (.next-qa/server/chunks/_1-l25y8._.js:3:1338)
    at async l (.next-qa/server/chunks/_1-l25y8._.js:3:1397)
    at async h (.next-qa/server/chunks/[root-of-the-server]__0owtjs2._.js:5:1856)
    at async (.next-qa/server/chunks/[root-of-the-server]__0owtjs2._.js:1:2559)
    at async (.next-qa/server/chunks/_0dvkn0b._.js:1:20296)
    at async Z (.next-qa/server/chunks/[root-of-the-server]__0owtjs2._.js:1:6056) {
  length: 119,
  severity: 'ERROR',
  code: '42703',
  detail: undefined,
  hint: undefined,
  position: '47',
  internalPosition: undefined,
  internalQuery: undefined,
  where: undefined,
  schema: undefined,
  table: undefined,
  column: undefined,
  dataType: undefined,
  constraint: undefined,
  file: 'parse_relation.c',
  line: '3716',
  routine: 'errorMissingColumn'
}
unhandled api error error: column "credentials_version" does not exist
    at async t (.next-qa/server/chunks/_1-l25y8._.js:3:1338)
    at async l (.next-qa/server/chunks/_1-l25y8._.js:3:1397)
    at async h (.next-qa/server/chunks/[root-of-the-server]__0owtjs2._.js:5:1856)
    at async (.next-qa/server/chunks/[root-of-the-server]__0owtjs2._.js:1:2559)
    at async (.next-qa/server/chunks/_0dvkn0b._.js:1:20296)
    at async Z (.next-qa/server/chunks/[root-of-the-server]__0owtjs2._.js:1:6056) {
  length: 119,
  severity: 'ERROR',
  code: '42703',
  detail: undefined,
  hint: undefined,
  position: '47',
  internalPosition: undefined,
  internalQuery: undefined,
  where: undefined,
  schema: undefined,
  table: undefined,
  column: undefined,
  dataType: undefined,
  constraint: undefined,
  file: 'parse_relation.c',
  line: '3716',
  routine: 'errorMissingColumn'
}
unhandled api error error: column "credentials_version" does not exist
    at async t (.next-qa/server/chunks/_1-l25y8._.js:3:1338)
    at async l (.next-qa/server/chunks/_1-l25y8._.js:3:1397)
    at async h (.next-qa/server/chunks/[root-of-the-server]__0owtjs2._.js:5:1856)
    at async (.next-qa/server/chunks/[root-of-the-server]__0owtjs2._.js:1:2559)
    at async (.next-qa/server/chunks/_0dvkn0b._.js:1:20296)
    at async Z (.next-qa/server/chunks/[root-of-the-server]__0owtjs2._.js:1:6056) {
  length: 119,
  severity: 'ERROR',
  code: '42703',
  detail: undefined,
  hint: undefined,
  position: '47',
  internalPosition: undefined,
  internalQuery: undefined,
  where: undefined,
  schema: undefined,
  table: undefined,
  column: undefined,
  dataType: undefined,
  constraint: undefined,
  file: 'parse_relation.c',
  line: '3716',
  routine: 'errorMissingColumn'
}
unhandled api error error: column "credentials_version" does not exist
    at async t (.next-qa/server/chunks/_1-l25y8._.js:3:1338)
    at async l (.next-qa/server/chunks/_1-l25y8._.js:3:1397)
    at async h (.next-qa/server/chunks/[root-of-the-server]__0owtjs2._.js:5:1856)
    at async (.next-qa/server/chunks/[root-of-the-server]__0owtjs2._.js:1:2559)
    at async (.next-qa/server/chunks/_0dvkn0b._.js:1:20296)
    at async Z (.next-qa/server/chunks/[root-of-the-server]__0owtjs2._.js:1:6056) {
  length: 119,
  severity: 'ERROR',
  code: '42703',
  detail: undefined,
  hint: undefined,
  position: '47',
  internalPosition: undefined,
  internalQuery: undefined,
  where: undefined,
  schema: undefined,
  table: undefined,
  column: undefined,
  dataType: undefined,
  constraint: undefined,
  file: 'parse_relation.c',
  line: '3716',
  routine: 'errorMissingColumn'
}
unhandled api error error: column "credentials_version" does not exist
    at async t (.next-qa/server/chunks/_1-l25y8._.js:3:1338)
    at async l (.next-qa/server/chunks/_1-l25y8._.js:3:1397)
    at async h (.next-qa/server/chunks/[root-of-the-server]__0owtjs2._.js:5:1856)
    at async (.next-qa/server/chunks/[root-of-the-server]__0owtjs2._.js:1:2559)
    at async (.next-qa/server/chunks/_0dvkn0b._.js:1:20296)
    at async Z (.next-qa/server/chunks/[root-of-the-server]__0owtjs2._.js:1:6056) {
  length: 119,
  severity: 'ERROR',
  code: '42703',
  detail: undefined,
  hint: undefined,
  position: '47',
  internalPosition: undefined,
  internalQuery: undefined,
  where: undefined,
  schema: undefined,
  table: undefined,
  column: undefined,
  dataType: undefined,
  constraint: undefined,
  file: 'parse_relation.c',
  line: '3716',
  routine: 'errorMissingColumn'
}
unhandled api error error: column "credentials_version" does not exist
    at async t (.next-qa/server/chunks/_1-l25y8._.js:3:1338)
    at async l (.next-qa/server/chunks/_1-l25y8._.js:3:1397)
    at async h (.next-qa/server/chunks/[root-of-the-server]__0owtjs2._.js:5:1856)
    at async (.next-qa/server/chunks/[root-of-the-server]__0owtjs2._.js:1:2559)
    at async (.next-qa/server/chunks/_0dvkn0b._.js:1:20296)
    at async Z (.next-qa/server/chunks/[root-of-the-server]__0owtjs2._.js:1:6056) {
  length: 119,
  severity: 'ERROR',
  code: '42703',
  detail: undefined,
  hint: undefined,
  position: '47',
  internalPosition: undefined,
  internalQuery: undefined,
  where: undefined,
  schema: undefined,
  table: undefined,
  column: undefined,
  dataType: undefined,
  constraint: undefined,
  file: 'parse_relation.c',
  line: '3716',
  routine: 'errorMissingColumn'
}
unhandled api error error: column "credentials_version" does not exist
    at async t (.next-qa/server/chunks/_1-l25y8._.js:3:1338)
    at async l (.next-qa/server/chunks/_1-l25y8._.js:3:1397)
    at async h (.next-qa/server/chunks/[root-of-the-server]__0owtjs2._.js:5:1856)
    at async (.next-qa/server/chunks/[root-of-the-server]__0owtjs2._.js:1:2559)
    at async (.next-qa/server/chunks/_0dvkn0b._.js:1:20296)
    at async Z (.next-qa/server/chunks/[root-of-the-server]__0owtjs2._.js:1:6056) {
  length: 119,
  severity: 'ERROR',
  code: '42703',
  detail: undefined,
  hint: undefined,
  position: '47',
  internalPosition: undefined,
  internalQuery: undefined,
  where: undefined,
  schema: undefined,
  table: undefined,
  column: undefined,
  dataType: undefined,
  constraint: undefined,
  file: 'parse_relation.c',
  line: '3716',
  routine: 'errorMissingColumn'
}
unhandled api error error: column "credentials_version" does not exist
    at async t (.next-qa/server/chunks/_1-l25y8._.js:3:1338)
    at async l (.next-qa/server/chunks/_1-l25y8._.js:3:1397)
    at async h (.next-qa/server/chunks/[root-of-the-server]__0owtjs2._.js:5:1856)
    at async (.next-qa/server/chunks/[root-of-the-server]__0owtjs2._.js:1:2559)
    at async (.next-qa/server/chunks/_0dvkn0b._.js:1:20296)
    at async Z (.next-qa/server/chunks/[root-of-the-server]__0owtjs2._.js:1:6056) {
  length: 119,
  severity: 'ERROR',
  code: '42703',
  detail: undefined,
  hint: undefined,
  position: '47',
  internalPosition: undefined,
  internalQuery: undefined,
  where: undefined,
  schema: undefined,
  table: undefined,
  column: undefined,
  dataType: undefined,
  constraint: undefined,
  file: 'parse_relation.c',
  line: '3716',
  routine: 'errorMissingColumn'
}
unhandled api error error: column "credentials_version" does not exist
    at async t (.next-qa/server/chunks/_1-l25y8._.js:3:1338)
    at async l (.next-qa/server/chunks/_1-l25y8._.js:3:1397)
    at async h (.next-qa/server/chunks/[root-of-the-server]__0owtjs2._.js:5:1856)
    at async (.next-qa/server/chunks/[root-of-the-server]__0owtjs2._.js:1:2559)
    at async (.next-qa/server/chunks/_0dvkn0b._.js:1:20296)
    at async Z (.next-qa/server/chunks/[root-of-the-server]__0owtjs2._.js:1:6056) {
  length: 119,
  severity: 'ERROR',
  code: '42703',
  detail: undefined,
  hint: undefined,
  position: '47',
  internalPosition: undefined,
  internalQuery: undefined,
  where: undefined,
  schema: undefined,
  table: undefined,
  column: undefined,
  dataType: undefined,
  constraint: undefined,
  file: 'parse_relation.c',
  line: '3716',
  routine: 'errorMissingColumn'
}
unhandled api error error: column "credentials_version" does not exist
    at async t (.next-qa/server/chunks/_1-l25y8._.js:3:1338)
    at async l (.next-qa/server/chunks/_1-l25y8._.js:3:1397)
    at async h (.next-qa/server/chunks/[root-of-the-server]__0owtjs2._.js:5:1856)
    at async (.next-qa/server/chunks/[root-of-the-server]__0owtjs2._.js:1:2559)
    at async (.next-qa/server/chunks/_0dvkn0b._.js:1:20296)
    at async Z (.next-qa/server/chunks/[root-of-the-server]__0owtjs2._.js:1:6056) {
  length: 119,
  severity: 'ERROR',
  code: '42703',
  detail: undefined,
  hint: undefined,
  position: '47',
  internalPosition: undefined,
  internalQuery: undefined,
  where: undefined,
  schema: undefined,
  table: undefined,
  column: undefined,
  dataType: undefined,
  constraint: undefined,
  file: 'parse_relation.c',
  line: '3716',
  routine: 'errorMissingColumn'
}
unhandled api error error: column "credentials_version" does not exist
    at async t (.next-qa/server/chunks/_1-l25y8._.js:3:1338)
    at async l (.next-qa/server/chunks/_1-l25y8._.js:3:1397)
    at async h (.next-qa/server/chunks/[root-of-the-server]__0owtjs2._.js:5:1856)
    at async (.next-qa/server/chunks/[root-of-the-server]__0owtjs2._.js:1:2559)
    at async (.next-qa/server/chunks/_0dvkn0b._.js:1:20296)
    at async Z (.next-qa/server/chunks/[root-of-the-server]__0owtjs2._.js:1:6056) {
  length: 119,
  severity: 'ERROR',
  code: '42703',
  detail: undefined,
  hint: undefined,
  position: '47',
  internalPosition: undefined,
  internalQuery: undefined,
  where: undefined,
  schema: undefined,
  table: undefined,
  column: undefined,
  dataType: undefined,
  constraint: undefined,
  file: 'parse_relation.c',
  line: '3716',
  routine: 'errorMissingColumn'
}
unhandled api error error: column "credentials_version" does not exist
    at async t (.next-qa/server/chunks/_1-l25y8._.js:3:1338)
    at async l (.next-qa/server/chunks/_1-l25y8._.js:3:1397)
    at async h (.next-qa/server/chunks/[root-of-the-server]__0owtjs2._.js:5:1856)
    at async (.next-qa/server/chunks/[root-of-the-server]__0owtjs2._.js:1:2559)
    at async (.next-qa/server/chunks/_0dvkn0b._.js:1:20296)
    at async Z (.next-qa/server/chunks/[root-of-the-server]__0owtjs2._.js:1:6056) {
  length: 119,
  severity: 'ERROR',
  code: '42703',
  detail: undefined,
  hint: undefined,
  position: '47',
  internalPosition: undefined,
  internalQuery: undefined,
  where: undefined,
  schema: undefined,
  table: undefined,
  column: undefined,
  dataType: undefined,
  constraint: undefined,
  file: 'parse_relation.c',
  line: '3716',
  routine: 'errorMissingColumn'
}
unhandled api error error: column "credentials_version" does not exist
    at async t (.next-qa/server/chunks/_1-l25y8._.js:3:1338)
    at async l (.next-qa/server/chunks/_1-l25y8._.js:3:1397)
    at async h (.next-qa/server/chunks/[root-of-the-server]__0owtjs2._.js:5:1856)
    at async (.next-qa/server/chunks/[root-of-the-server]__0owtjs2._.js:1:2559)
    at async (.next-qa/server/chunks/_0dvkn0b._.js:1:20296)
    at async Z (.next-qa/server/chunks/[root-of-the-server]__0owtjs2._.js:1:6056) {
  length: 119,
  severity: 'ERROR',
  code: '42703',
  detail: undefined,
  hint: undefined,
  position: '47',
  internalPosition: undefined,
  internalQuery: undefined,
  where: undefined,
  schema: undefined,
  table: undefined,
  column: undefined,
  dataType: undefined,
  constraint: undefined,
  file: 'parse_relation.c',
  line: '3716',
  routine: 'errorMissingColumn'
}
unhandled api error error: column "credentials_version" does not exist
    at async t (.next-qa/server/chunks/_1-l25y8._.js:3:1338)
    at async l (.next-qa/server/chunks/_1-l25y8._.js:3:1397)
    at async h (.next-qa/server/chunks/[root-of-the-server]__0owtjs2._.js:5:1856)
    at async (.next-qa/server/chunks/[root-of-the-server]__0owtjs2._.js:1:2559)
    at async (.next-qa/server/chunks/_0dvkn0b._.js:1:20296)
    at async Z (.next-qa/server/chunks/[root-of-the-server]__0owtjs2._.js:1:6056) {
  length: 119,
  severity: 'ERROR',
  code: '42703',
  detail: undefined,
  hint: undefined,
  position: '47',
  internalPosition: undefined,
  internalQuery: undefined,
  where: undefined,
  schema: undefined,
  table: undefined,
  column: undefined,
  dataType: undefined,
  constraint: undefined,
  file: 'parse_relation.c',
  line: '3716',
  routine: 'errorMissingColumn'
}
unhandled api error error: column "credentials_version" does not exist
    at async t (.next-qa/server/chunks/_1-l25y8._.js:3:1338)
    at async l (.next-qa/server/chunks/_1-l25y8._.js:3:1397)
    at async h (.next-qa/server/chunks/[root-of-the-server]__0owtjs2._.js:5:1856)
    at async (.next-qa/server/chunks/[root-of-the-server]__0owtjs2._.js:1:2559)
    at async (.next-qa/server/chunks/_0dvkn0b._.js:1:20296)
    at async Z (.next-qa/server/chunks/[root-of-the-server]__0owtjs2._.js:1:6056) {
  length: 119,
  severity: 'ERROR',
  code: '42703',
  detail: undefined,
  hint: undefined,
  position: '47',
  internalPosition: undefined,
  internalQuery: undefined,
  where: undefined,
  schema: undefined,
  table: undefined,
  column: undefined,
  dataType: undefined,
  constraint: undefined,
  file: 'parse_relation.c',
  line: '3716',
  routine: 'errorMissingColumn'
}
unhandled api error error: column "credentials_version" does not exist
    at async t (.next-qa/server/chunks/_1-l25y8._.js:3:1338)
    at async l (.next-qa/server/chunks/_1-l25y8._.js:3:1397)
    at async h (.next-qa/server/chunks/[root-of-the-server]__0owtjs2._.js:5:1856)
    at async (.next-qa/server/chunks/[root-of-the-server]__0owtjs2._.js:1:2559)
    at async (.next-qa/server/chunks/_0dvkn0b._.js:1:20296)
    at async Z (.next-qa/server/chunks/[root-of-the-server]__0owtjs2._.js:1:6056) {
  length: 119,
  severity: 'ERROR',
  code: '42703',
  detail: undefined,
  hint: undefined,
  position: '47',
  internalPosition: undefined,
  internalQuery: undefined,
  where: undefined,
  schema: undefined,
  table: undefined,
  column: undefined,
  dataType: undefined,
  constraint: undefined,
  file: 'parse_relation.c',
  line: '3716',
  routine: 'errorMissingColumn'
}
unhandled api error error: column "credentials_version" does not exist
    at async t (.next-qa/server/chunks/_1-l25y8._.js:3:1338)
    at async l (.next-qa/server/chunks/_1-l25y8._.js:3:1397)
    at async h (.next-qa/server/chunks/[root-of-the-server]__0owtjs2._.js:5:1856)
    at async (.next-qa/server/chunks/[root-of-the-server]__0owtjs2._.js:1:2559)
    at async (.next-qa/server/chunks/_0dvkn0b._.js:1:20296)
    at async Z (.next-qa/server/chunks/[root-of-the-server]__0owtjs2._.js:1:6056) {
  length: 119,
  severity: 'ERROR',
  code: '42703',
  detail: undefined,
  hint: undefined,
  position: '47',
  internalPosition: undefined,
  internalQuery: undefined,
  where: undefined,
  schema: undefined,
  table: undefined,
  column: undefined,
  dataType: undefined,
  constraint: undefined,
  file: 'parse_relation.c',
  line: '3716',
  routine: 'errorMissingColumn'
}
unhandled api error error: column "credentials_version" does not exist
    at async t (.next-qa/server/chunks/_1-l25y8._.js:3:1338)
    at async l (.next-qa/server/chunks/_1-l25y8._.js:3:1397)
    at async h (.next-qa/server/chunks/[root-of-the-server]__0owtjs2._.js:5:1856)
    at async (.next-qa/server/chunks/[root-of-the-server]__0owtjs2._.js:1:2559)
    at async (.next-qa/server/chunks/_0dvkn0b._.js:1:20296)
    at async Z (.next-qa/server/chunks/[root-of-the-server]__0owtjs2._.js:1:6056) {
  length: 119,
  severity: 'ERROR',
  code: '42703',
  detail: undefined,
  hint: undefined,
  position: '47',
  internalPosition: undefined,
  internalQuery: undefined,
  where: undefined,
  schema: undefined,
  table: undefined,
  column: undefined,
  dataType: undefined,
  constraint: undefined,
  file: 'parse_relation.c',
  line: '3716',
  routine: 'errorMissingColumn'
}
unhandled api error error: column "credentials_version" does not exist
    at async t (.next-qa/server/chunks/_1-l25y8._.js:3:1338)
    at async l (.next-qa/server/chunks/_1-l25y8._.js:3:1397)
    at async h (.next-qa/server/chunks/[root-of-the-server]__0owtjs2._.js:5:1856)
    at async (.next-qa/server/chunks/[root-of-the-server]__0owtjs2._.js:1:2559)
    at async (.next-qa/server/chunks/_0dvkn0b._.js:1:20296)
    at async Z (.next-qa/server/chunks/[root-of-the-server]__0owtjs2._.js:1:6056) {
  length: 119,
  severity: 'ERROR',
  code: '42703',
  detail: undefined,
  hint: undefined,
  position: '47',
  internalPosition: undefined,
  internalQuery: undefined,
  where: undefined,
  schema: undefined,
  table: undefined,
  column: undefined,
  dataType: undefined,
  constraint: undefined,
  file: 'parse_relation.c',
  line: '3716',
  routine: 'errorMissingColumn'
}
unhandled api error error: column "credentials_version" does not exist
    at async t (.next-qa/server/chunks/_1-l25y8._.js:3:1338)
    at async l (.next-qa/server/chunks/_1-l25y8._.js:3:1397)
    at async h (.next-qa/server/chunks/[root-of-the-server]__0owtjs2._.js:5:1856)
    at async (.next-qa/server/chunks/[root-of-the-server]__0owtjs2._.js:1:2559)
    at async (.next-qa/server/chunks/_0dvkn0b._.js:1:20296)
    at async Z (.next-qa/server/chunks/[root-of-the-server]__0owtjs2._.js:1:6056) {
  length: 119,
  severity: 'ERROR',
  code: '42703',
  detail: undefined,
  hint: undefined,
  position: '47',
  internalPosition: undefined,
  internalQuery: undefined,
  where: undefined,
  schema: undefined,
  table: undefined,
  column: undefined,
  dataType: undefined,
  constraint: undefined,
  file: 'parse_relation.c',
  line: '3716',
  routine: 'errorMissingColumn'
}
unhandled api error error: column "credentials_version" does not exist
    at async t (.next-qa/server/chunks/_1-l25y8._.js:3:1338)
    at async l (.next-qa/server/chunks/_1-l25y8._.js:3:1397)
    at async h (.next-qa/server/chunks/[root-of-the-server]__0owtjs2._.js:5:1856)
    at async (.next-qa/server/chunks/[root-of-the-server]__0owtjs2._.js:1:2559)
    at async (.next-qa/server/chunks/_0dvkn0b._.js:1:20296)
    at async Z (.next-qa/server/chunks/[root-of-the-server]__0owtjs2._.js:1:6056) {
  length: 119,
  severity: 'ERROR',
  code: '42703',
  detail: undefined,
  hint: undefined,
  position: '47',
  internalPosition: undefined,
  internalQuery: undefined,
  where: undefined,
  schema: undefined,
  table: undefined,
  column: undefined,
  dataType: undefined,
  constraint: undefined,
  file: 'parse_relation.c',
  line: '3716',
  routine: 'errorMissingColumn'
}
unhandled api error error: column "credentials_version" does not exist
    at async t (.next-qa/server/chunks/_1-l25y8._.js:3:1338)
    at async l (.next-qa/server/chunks/_1-l25y8._.js:3:1397)
    at async h (.next-qa/server/chunks/[root-of-the-server]__0owtjs2._.js:5:1856)
    at async (.next-qa/server/chunks/[root-of-the-server]__0owtjs2._.js:1:2559)
    at async (.next-qa/server/chunks/_0dvkn0b._.js:1:20296)
    at async Z (.next-qa/server/chunks/[root-of-the-server]__0owtjs2._.js:1:6056) {
  length: 119,
  severity: 'ERROR',
  code: '42703',
  detail: undefined,
  hint: undefined,
  position: '47',
  internalPosition: undefined,
  internalQuery: undefined,
  where: undefined,
  schema: undefined,
  table: undefined,
  column: undefined,
  dataType: undefined,
  constraint: undefined,
  file: 'parse_relation.c',
  line: '3716',
  routine: 'errorMissingColumn'
}
unhandled api error error: column "credentials_version" does not exist
    at async t (.next-qa/server/chunks/_1-l25y8._.js:3:1338)
    at async l (.next-qa/server/chunks/_1-l25y8._.js:3:1397)
    at async h (.next-qa/server/chunks/[root-of-the-server]__0owtjs2._.js:5:1856)
    at async (.next-qa/server/chunks/[root-of-the-server]__0owtjs2._.js:1:2559)
    at async (.next-qa/server/chunks/_0dvkn0b._.js:1:20296)
    at async Z (.next-qa/server/chunks/[root-of-the-server]__0owtjs2._.js:1:6056) {
  length: 119,
  severity: 'ERROR',
  code: '42703',
  detail: undefined,
  hint: undefined,
  position: '47',
  internalPosition: undefined,
  internalQuery: undefined,
  where: undefined,
  schema: undefined,
  table: undefined,
  column: undefined,
  dataType: undefined,
  constraint: undefined,
  file: 'parse_relation.c',
  line: '3716',
  routine: 'errorMissingColumn'
}
unhandled api error error: column "credentials_version" does not exist
    at async t (.next-qa/server/chunks/_1-l25y8._.js:3:1338)
    at async l (.next-qa/server/chunks/_1-l25y8._.js:3:1397)
    at async h (.next-qa/server/chunks/[root-of-the-server]__0owtjs2._.js:5:1856)
    at async (.next-qa/server/chunks/[root-of-the-server]__0owtjs2._.js:1:2559)
    at async (.next-qa/server/chunks/_0dvkn0b._.js:1:20296)
    at async Z (.next-qa/server/chunks/[root-of-the-server]__0owtjs2._.js:1:6056) {
  length: 119,
  severity: 'ERROR',
  code: '42703',
  detail: undefined,
  hint: undefined,
  position: '47',
  internalPosition: undefined,
  internalQuery: undefined,
  where: undefined,
  schema: undefined,
  table: undefined,
  column: undefined,
  dataType: undefined,
  constraint: undefined,
  file: 'parse_relation.c',
  line: '3716',
  routine: 'errorMissingColumn'
}
unhandled api error error: column "credentials_version" does not exist
    at async t (.next-qa/server/chunks/_1-l25y8._.js:3:1338)
    at async l (.next-qa/server/chunks/_1-l25y8._.js:3:1397)
    at async h (.next-qa/server/chunks/[root-of-the-server]__0owtjs2._.js:5:1856)
    at async (.next-qa/server/chunks/[root-of-the-server]__0owtjs2._.js:1:2559)
    at async (.next-qa/server/chunks/_0dvkn0b._.js:1:20296)
    at async Z (.next-qa/server/chunks/[root-of-the-server]__0owtjs2._.js:1:6056) {
  length: 119,
  severity: 'ERROR',
  code: '42703',
  detail: undefined,
  hint: undefined,
  position: '47',
  internalPosition: undefined,
  internalQuery: undefined,
  where: undefined,
  schema: undefined,
  table: undefined,
  column: undefined,
  dataType: undefined,
  constraint: undefined,
  file: 'parse_relation.c',
  line: '3716',
  routine: 'errorMissingColumn'
}
unhandled api error error: column "credentials_version" does not exist
    at async t (.next-qa/server/chunks/_1-l25y8._.js:3:1338)
    at async l (.next-qa/server/chunks/_1-l25y8._.js:3:1397)
    at async h (.next-qa/server/chunks/[root-of-the-server]__0owtjs2._.js:5:1856)
    at async (.next-qa/server/chunks/[root-of-the-server]__0owtjs2._.js:1:2559)
    at async (.next-qa/server/chunks/_0dvkn0b._.js:1:20296)
    at async Z (.next-qa/server/chunks/[root-of-the-server]__0owtjs2._.js:1:6056) {
  length: 119,
  severity: 'ERROR',
  code: '42703',
  detail: undefined,
  hint: undefined,
  position: '47',
  internalPosition: undefined,
  internalQuery: undefined,
  where: undefined,
  schema: undefined,
  table: undefined,
  column: undefined,
  dataType: undefined,
  constraint: undefined,
  file: 'parse_relation.c',
  line: '3716',
  routine: 'errorMissingColumn'
}
unhandled api error error: column "credentials_version" does not exist
    at async t (.next-qa/server/chunks/_1-l25y8._.js:3:1338)
    at async l (.next-qa/server/chunks/_1-l25y8._.js:3:1397)
    at async h (.next-qa/server/chunks/[root-of-the-server]__0owtjs2._.js:5:1856)
    at async (.next-qa/server/chunks/[root-of-the-server]__0owtjs2._.js:1:2559)
    at async (.next-qa/server/chunks/_0dvkn0b._.js:1:20296)
    at async Z (.next-qa/server/chunks/[root-of-the-server]__0owtjs2._.js:1:6056) {
  length: 119,
  severity: 'ERROR',
  code: '42703',
  detail: undefined,
  hint: undefined,
  position: '47',
  internalPosition: undefined,
  internalQuery: undefined,
  where: undefined,
  schema: undefined,
  table: undefined,
  column: undefined,
  dataType: undefined,
  constraint: undefined,
  file: 'parse_relation.c',
  line: '3716',
  routine: 'errorMissingColumn'
}
unhandled api error error: column "credentials_version" does not exist
    at async t (.next-qa/server/chunks/_1-l25y8._.js:3:1338)
    at async l (.next-qa/server/chunks/_1-l25y8._.js:3:1397)
    at async h (.next-qa/server/chunks/[root-of-the-server]__0owtjs2._.js:5:1856)
    at async (.next-qa/server/chunks/[root-of-the-server]__0owtjs2._.js:1:2559)
    at async (.next-qa/server/chunks/_0dvkn0b._.js:1:20296)
    at async Z (.next-qa/server/chunks/[root-of-the-server]__0owtjs2._.js:1:6056) {
  length: 119,
  severity: 'ERROR',
  code: '42703',
  detail: undefined,
  hint: undefined,
  position: '47',
  internalPosition: undefined,
  internalQuery: undefined,
  where: undefined,
  schema: undefined,
  table: undefined,
  column: undefined,
  dataType: undefined,
  constraint: undefined,
  file: 'parse_relation.c',
  line: '3716',
  routine: 'errorMissingColumn'
}
unhandled api error error: column "credentials_version" does not exist
    at async t (.next-qa/server/chunks/_1-l25y8._.js:3:1338)
    at async l (.next-qa/server/chunks/_1-l25y8._.js:3:1397)
    at async h (.next-qa/server/chunks/[root-of-the-server]__0owtjs2._.js:5:1856)
    at async (.next-qa/server/chunks/[root-of-the-server]__0owtjs2._.js:1:2559)
    at async (.next-qa/server/chunks/_0dvkn0b._.js:1:20296)
    at async Z (.next-qa/server/chunks/[root-of-the-server]__0owtjs2._.js:1:6056) {
  length: 119,
  severity: 'ERROR',
  code: '42703',
  detail: undefined,
  hint: undefined,
  position: '47',
  internalPosition: undefined,
  internalQuery: undefined,
  where: undefined,
  schema: undefined,
  table: undefined,
  column: undefined,
  dataType: undefined,
  constraint: undefined,
  file: 'parse_relation.c',
  line: '3716',
  routine: 'errorMissingColumn'
}
unhandled api error error: column "credentials_version" does not exist
    at async t (.next-qa/server/chunks/_1-l25y8._.js:3:1338)
    at async l (.next-qa/server/chunks/_1-l25y8._.js:3:1397)
    at async h (.next-qa/server/chunks/[root-of-the-server]__0owtjs2._.js:5:1856)
    at async (.next-qa/server/chunks/[root-of-the-server]__0owtjs2._.js:1:2559)
    at async (.next-qa/server/chunks/_0dvkn0b._.js:1:20296)
    at async Z (.next-qa/server/chunks/[root-of-the-server]__0owtjs2._.js:1:6056) {
  length: 119,
  severity: 'ERROR',
  code: '42703',
  detail: undefined,
  hint: undefined,
  position: '47',
  internalPosition: undefined,
  internalQuery: undefined,
  where: undefined,
  schema: undefined,
  table: undefined,
  column: undefined,
  dataType: undefined,
  constraint: undefined,
  file: 'parse_relation.c',
  line: '3716',
  routine: 'errorMissingColumn'
}
