=== 1. upgrade 011 -> 012 with live sessions, enabled+disabled admins, audit rows
pre: has column? 0 (0); sessions 4; audit 4
--- npm run migrate
applied 012_admin_credentials_version.sql
done (1 applied)
post: columns admin_sessions,admins ; admins versions: disabled-his=v1 enabled-hist=v1 enabled-nohi=v1 nopw@example=v1 (all 1 expected)
sessions versions: 1 (1 expected); session rows 4 (4); audit hash unchanged: YES; admins data unchanged: YES
NOTE: because the backfill is DEFAULT 1 on both tables, sessions created before 012 REMAIN VALID (session v1 == admin v1) - documented behaviour is 'additive'; verify through HTTP below
ERROR:  operator is not unique: text || "char"
LINE 1: select tgname||' enabled='||tgenabled from pg_trigger where ...
                                  ^
HINT:  Could not choose a best candidate operator. You might need to add explicit type casts.
trigger: 
bump works: 2
UPDATE 1 (2); no-op: 2
UPDATE 1 (2); disable: 3
UPDATE 1 (3)
immutability from 011 intact: ERROR:  audit_log is append-only (UPDATE blocked); disable audit trigger still audits: 1
=== 2. idempotent: migrate again no-op; 012 applied manually 3x
up to date
manual run1 OK
manual run2 OK
manual run3 OK
versions before/after manual re-runs: 1,1,3,1 / 1,1,3,1 ; triggers on admins: 1 (1)
=== 3. failed 012 rolls back atomically
NOTICE:  database "unveil_qa_pay5_up_c12" does not exist, skipping
broken 012: [migration 012_admin_credentials_version.sql failed: division by zero ] recorded: 0 (0); leftovers: columns 0 trigger 0 function 0 (all 0 = rolled back); sessions intact 4
=== 4. four concurrent runners on a DB at 011 with data
NOTICE:  database "unveil_qa_pay5_up_cc" does not exist, skipping
applied lines per runner: 0 0 0 1  (sum must be 1); errors: 0; 012 rows: 1; triggers: 1
=== 5. 012 while another transaction holds a row lock on admins (migration waits, then completes; no deadlock)
NOTICE:  database "unveil_qa_pay5_up_lk" does not exist, skipping
applied 012_admin_credentials_version.sql
waited 3 s for the lock holder, then applied (ACCESS EXCLUSIVE needed by ALTER TABLE: logins block for the duration; migration itself is milliseconds)
