PASS    N5-seller-valid-30 30 parallel VALID seller logins, one email: no 5xx; only 200/429 (<= threshold evaluated); sessions == 200s — {"200":7,"429":23}
PASS    N5-seller-invalid-30 30 parallel WRONG-password seller logins, one email: no 5xx; threshold evaluated (401; strict mode: exactly), rest 429 + Retry-After 1..60; concurrency cannot bypass — {"401":5,"429":25} row failures=5 delay=1.000000s
PASS    N5-seller-mixed-30 30 parallel logins mixing valid+invalid, MIXED-CASE emails (same throttle key): no 5xx — {"200":4,"400":10,"401":1,"429":15}
PASS    N5-seller-diff-30 30 parallel logins, 30 DIFFERENT emails (known+unknown): no 5xx, no cross-talk (each first attempt is evaluated -> 401 or 200) — {"401":29,"429":1}
PASS    N5-seller-valid-120 120 parallel VALID seller logins, one email: no 5xx; only 200/429 (<= threshold evaluated); sessions == 200s — {"200":20,"429":100}
PASS    N5-seller-invalid-120 120 parallel WRONG-password seller logins, one email: no 5xx; threshold evaluated (401; strict mode: exactly), rest 429 + Retry-After 1..60; concurrency cannot bypass — {"401":6,"429":114} row failures=6 delay=2.000000s
PASS    N5-seller-mixed-120 120 parallel logins mixing valid+invalid, MIXED-CASE emails (same throttle key): no 5xx — {"200":3,"400":40,"401":2,"429":75}
PASS    N5-seller-diff-120 120 parallel logins, 120 DIFFERENT emails (known+unknown): no 5xx, no cross-talk (each first attempt is evaluated -> 401 or 200) — {"401":101,"429":19}
PASS    N5-seller-race-reset seller: login success DELETE racing admissions (the original NEW-5 trigger): 200 rounds x (1 valid + 4 wrong in parallel) -> never 5xx — {"200":27,"401":163,"429":110}
PASS    N5-seller-progressive seller: progressive delay 4 free, 5th arms 1 s, then 2,4,8 s; 429 never evaluates; Retry-After matches; correct pw during delay refused; success resets — first4 401/401/401/401, 5th 401, in-delay 429 (retry-after 1), later Retry-After 2,4,8 (<= 2,4,8), success resets row
PASS    N5-seller-parity seller: unknown email behaves identically to a known one (4 free, 5th arms delay, 429 body/Retry-After) — unknown 401,401,401,401,401,429:1,429:1 == known 401,401,401,401,401,429:1,429:1; 429 bodies identical
PASS    N5-seller-decay-bounds seller: counters decay after idle (stale -> restart at 1); extreme counters: wait <= cap 60, never negative; no permanent lock — stale decays to 1; failures=1e6 -> wait 59s (<=60); armed delay 60.000000s; INT_MAX counter (theoretical, needs 2^31 admitted attempts) -> HTTP 500
PASS    N5-admin-valid-30 30 parallel VALID admin logins, one email: no 5xx; only 200/429 (<= threshold evaluated); sessions == 200s — {"200":19,"429":11}
PASS    N5-admin-invalid-30 30 parallel WRONG-password admin logins, one email: no 5xx; threshold evaluated (401; strict mode: exactly), rest 429 + Retry-After 1..60; concurrency cannot bypass — {"401":6,"429":24} row failures=6 delay=2.000000s
PASS    N5-admin-mixed-30 30 parallel logins mixing valid+invalid, MIXED-CASE emails (same throttle key): no 5xx — {"200":3,"400":10,"401":2,"429":15}
PASS    N5-admin-diff-30 30 parallel logins, 30 DIFFERENT emails (known+unknown): no 5xx, no cross-talk (each first attempt is evaluated -> 401 or 200) — {"401":29,"429":1}
PASS    N5-admin-valid-120 120 parallel VALID admin logins, one email: no 5xx; only 200/429 (<= threshold evaluated); sessions == 200s — {"200":15,"429":105}
PASS    N5-admin-invalid-120 120 parallel WRONG-password admin logins, one email: no 5xx; threshold evaluated (401; strict mode: exactly), rest 429 + Retry-After 1..60; concurrency cannot bypass — {"401":6,"429":114} row failures=6 delay=2.000000s
PASS    N5-admin-mixed-120 120 parallel logins mixing valid+invalid, MIXED-CASE emails (same throttle key): no 5xx — {"200":2,"400":40,"401":3,"429":75}
PASS    N5-admin-diff-120 120 parallel logins, 120 DIFFERENT emails (known+unknown): no 5xx, no cross-talk (each first attempt is evaluated -> 401 or 200) — {"401":101,"429":19}
PASS    N5-admin-race-reset admin: login success DELETE racing admissions (the original NEW-5 trigger): 200 rounds x (1 valid + 4 wrong in parallel) -> never 5xx — {"200":30,"401":166,"429":104}
PASS    N5-admin-progressive admin: progressive delay 4 free, 5th arms 1 s, then 2,4,8 s; 429 never evaluates; Retry-After matches; correct pw during delay refused; success resets — first4 401/401/401/401, 5th 401, in-delay 429 (retry-after 1), later Retry-After 2,4,8 (<= 2,4,8), success resets row
PASS    N5-admin-parity admin: unknown email behaves identically to a known one (4 free, 5th arms delay, 429 body/Retry-After) — unknown 401,401,401,401,401,429:1,429:1 == known 401,401,401,401,401,429:1,429:1; 429 bodies identical
PASS    N5-admin-decay-bounds admin: counters decay after idle (stale -> restart at 1); extreme counters: wait <= cap 60, never negative; no permanent lock — stale decays to 1; failures=1e6 -> wait 59s (<=60); armed delay 60.000000s; INT_MAX counter (theoretical, needs 2^31 admitted attempts) -> HTTP 500

Saved pay5-newfive-results.json: PASS 24 FAIL 0 BLOCKED 0 NOTE 0
