[a11y] row Unpublish buttons: 3
[a11y] confirm modal open: 1 | focus inside: true | text: Unpublish this drop? | “Travel set, vol. 2” will stop accepting new buyers. You can publish it again any time. | Keep published | Unpublish
[a11y] after 3 Tabs focus still inside dialog: false
[a11y] Esc closes: true | focus returned to trigger: Unpublish
[a11y] tiny targets: ["A \"Skip to content\" 1x1"]
[a11y] dashboard first Tab stop: Skip to content
[a11y] buyer keyboard-only: checkbox toggled by Space: true | Enter on Buy -> notice: 1 | focus moved to notice: checkout-notice
[a11y] manual contrast: muted rgb(94,91,112) on #fff = 6.55 (computed above); footer text 70% on #fff-ish >=4.5; login brand-panel text white@70%/55% on rgb(20,18,31): 0.7 -> 9.35, 0.55 -> 6.17; buyer footer muted on white@70% over #faf9fd -> 6.46; table th muted on #f1f0f7-ish -> 5.78
[M5-20] title/meta: {"path":"/","status":200,"title":"Unveil — Sell your files with a simple payment link","meta":"description=Unveil lets creators sell photos and videos with a shareable payment link. Buyers pay by card, no account needed, and download instantly. ; og:title=Unveil — Sell your files with a simple payment link ; og:description=Upload, set a price, share a link. Get paid by card — no subscriptions"}
[M5-20] title/meta: {"path":"/signup","status":200,"title":"Create your account · Unveil","meta":"description=Unveil lets creators sell photos and videos with a shareable payment link. Buyers pay by card, no account needed, and download instantly. ; og:title=Unveil — Sell your files with a simple payment link ; og:description=Upload, set a price, share a link. Get paid by card — no subscriptions"}
[M5-20] title/meta: {"path":"/login","status":200,"title":"Sign in · Unveil","meta":"description=Unveil lets creators sell photos and videos with a shareable payment link. Buyers pay by card, no account needed, and download instantly. ; og:title=Unveil — Sell your files with a simple payment link ; og:description=Upload, set a price, share a link. Get paid by card — no subscriptions"}
[M5-20] title/meta: {"path":"/forgot-password","status":200,"title":"Reset your password · Unveil","meta":"description=Unveil lets creators sell photos and videos with a shareable payment link. Buyers pay by card, no account needed, and download instantly. ; og:title=Unveil — Sell your files with a simple payment link ; og:description=Upload, set a price, share a link. Get paid by card — no subscriptions"}
[M5-20] title/meta: {"path":"/reset-password?token=x","status":200,"title":"Choose a new password · Unveil","meta":"description=Unveil lets creators sell photos and videos with a shareable payment link. Buyers pay by card, no account needed, and download instantly. ; robots=noindex, nofollow ; og:title=Unveil — Sell your files with a simple payment link ; og:description=Upload, set a price, share a link. Get paid"}
[M5-20] title/meta: {"path":"/design","status":404,"title":"404: This page could not be found.","meta":"description=Unveil lets creators sell photos and videos with a shareable payment link. Buyers pay by card, no account needed, and download instantly. ; robots=noindex, nofollow ; og:title=Unveil — Sell your files with a simple payment link ; og:description=Upload, set a price, share a link. Get paid"}
[M5-20] title/meta: {"path":"/u/<linkId>","status":200,"title":"Spring collection pack · Unveil","meta":"description=Unveil lets creators sell photos and videos with a shareable payment link. Buyers pay by card, no account needed, and download instantly. ; robots=noindex, nofollow, nocache ; og:title=Unveil — Sell your files with a simple payment link ; og:description=Upload, set a price, share a link."}
[M5-20] title/meta: {"path":"/u/nope","status":404,"title":"Link unavailable · Unveil","meta":"description=Unveil lets creators sell photos and videos with a shareable payment link. Buyers pay by card, no account needed, and download instantly. ; robots=noindex, nofollow, nocache ; og:title=Unveil — Sell your files with a simple payment link ; og:description=Upload, set a price, share a link."}
[M5-20] title/meta: {"path":"/dashboard","status":200,"title":"Overview · Unveil","meta":"description=Unveil lets creators sell photos and videos with a shareable payment link. Buyers pay by card, no account needed, and download instantly. ; robots=noindex, nofollow ; og:title=Unveil — Sell your files with a simple payment link ; og:description=Upload, set a price, share a link. Get paid"}
[M5-20] title/meta: {"path":"/dashboard/drops","status":200,"title":"Drops · Unveil","meta":"description=Unveil lets creators sell photos and videos with a shareable payment link. Buyers pay by card, no account needed, and download instantly. ; robots=noindex, nofollow ; og:title=Unveil — Sell your files with a simple payment link ; og:description=Upload, set a price, share a link. Get paid"}
[M5-20] title/meta: {"path":"/dashboard/drops/new","status":200,"title":"New drop · Unveil","meta":"description=Unveil lets creators sell photos and videos with a shareable payment link. Buyers pay by card, no account needed, and download instantly. ; robots=noindex, nofollow ; og:title=Unveil — Sell your files with a simple payment link ; og:description=Upload, set a price, share a link. Get paid"}
[M5-20] title/meta: {"path":"/dashboard/drops/<id>","status":200,"title":"Manage drop · Unveil","meta":"description=Unveil lets creators sell photos and videos with a shareable payment link. Buyers pay by card, no account needed, and download instantly. ; robots=noindex, nofollow ; og:title=Unveil — Sell your files with a simple payment link ; og:description=Upload, set a price, share a link. Get paid"}
[M5-20] rendered pages scanned: 12 | hits: ["/dashboard/drops/5a7b4650-ff72-4afc-bd55-d80b0cc2a8e3: adult"]
[M6-07] CDP installability errors: [{"errorId":"in-incognito","errorArguments":[]}]
[M6-07] CDP manifest url: http://localhost:3232/manifest.webmanifest errors: [] parsed icons: 3
[M6-07] service worker registered: 0 | /sw.js: 404
[M6-06] grep text for status banner in rendered dashboard: false
