[429] signup fresh account 201
[429] {"attempt":1,"status":401,"retryAfter":null,"code":"invalid_credentials","btnLabel":"Sign in","card":null,"btnDisabled":false,"cardTitle":null,"waitedForEnabledMs":5}
[429] {"attempt":2,"status":401,"retryAfter":null,"code":"invalid_credentials","btnLabel":"Sign in","card":null,"btnDisabled":false,"cardTitle":null,"waitedForEnabledMs":2}
[429] {"attempt":3,"status":401,"retryAfter":null,"code":"invalid_credentials","btnLabel":"Sign in","card":null,"btnDisabled":false,"cardTitle":null,"waitedForEnabledMs":2}
[429] {"attempt":4,"status":401,"retryAfter":null,"code":"invalid_credentials","btnLabel":"Sign in","card":null,"btnDisabled":false,"cardTitle":null,"waitedForEnabledMs":2}
[429] {"attempt":5,"status":401,"retryAfter":null,"code":"invalid_credentials","btnLabel":"Sign in","card":null,"btnDisabled":false,"cardTitle":null,"waitedForEnabledMs":2}
[429] {"attempt":6,"status":429,"retryAfter":"1","code":"login_delayed","btnLabel":"Try again in 1s","card":"1s","btnDisabled":true,"cardTitle":"Too many sign-in attempts","waitedForEnabledMs":2,"ticks":"1s"}
[429] {"attempt":7,"status":401,"retryAfter":null,"code":"invalid_credentials","btnLabel":"Sign in","card":null,"btnDisabled":false,"cardTitle":null,"waitedForEnabledMs":3}
[429] {"attempt":8,"status":429,"retryAfter":"2","code":"login_delayed","btnLabel":"Try again in 2s","card":"2s","btnDisabled":true,"cardTitle":"Too many sign-in attempts","waitedForEnabledMs":2,"ticks":"2s,1s"}
[429] {"attempt":9,"status":401,"retryAfter":null,"code":"invalid_credentials","btnLabel":"Sign in","card":null,"btnDisabled":false,"cardTitle":null,"waitedForEnabledMs":4}
[429] {"attempt":10,"status":429,"retryAfter":"4","code":"login_delayed","btnLabel":"Try again in 4s","card":"4s","btnDisabled":true,"cardTitle":"Too many sign-in attempts","waitedForEnabledMs":1,"ticks":"4s,3s,2s"}
[429] {"attempt":11,"status":401,"retryAfter":null,"code":"invalid_credentials","btnLabel":"Sign in","card":null,"btnDisabled":false,"cardTitle":null,"waitedForEnabledMs":836}
[429] {"attempt":12,"status":429,"retryAfter":"8","code":"login_delayed","btnLabel":"Try again in 8s","card":"8s","btnDisabled":true,"cardTitle":"Too many sign-in attempts","waitedForEnabledMs":1,"ticks":"8s,7s,6s"}
[429] {"attempt":13,"status":401,"retryAfter":null,"code":"invalid_credentials","btnLabel":"Sign in","card":null,"btnDisabled":false,"cardTitle":null,"waitedForEnabledMs":4901}
[429] {"attempt":14,"status":429,"retryAfter":"16","code":"login_delayed","btnLabel":"Try again in 16s","card":"16s","btnDisabled":true,"cardTitle":"Too many sign-in attempts","waitedForEnabledMs":2,"ticks":"16s,15s,14s"}
[429] sequence of Retry-After: 1,2,4,8,16
[429] live regions: ["Too many attempts. You can try again in 16 seconds."] | throttle-notice role attr: 1
[429] correct pw after countdown ended -> 200 undefined | url http://localhost:3230/dashboard
[429] unknown-email attempts: [{"s":401},{"s":401},{"s":401},{"s":401},{"s":401},{"s":429,"ra":"857"}]
[forgot] signup 201
[forgot] empty submit: [ 'Enter your email address.', '' ]
[forgot] bad email: [ 'Enter a valid email address, like name@example.com.', '' ]
[forgot] done text: Reset link on its way | If an account exists for qa-reset-940440@example.com, we’ve sent a link to reset your password. It’s valid for 1 hour. | Nothing in your inbox? Check your spam folder, or try again in a few minutes. | focus on: H2
[forgot] mail file: { ⏎   "from": "Unveil <no-reply@unveil.link>", ⏎   "to": "qa-reset-940440@example.com", ⏎   "subject": "Reset your Unveil password", ⏎   "text": "We received a request to reset your Unveil password.\n\nOpen this link within 60 minutes to choose a new one:\nhttp://localhost:3230/reset-password?token=<redacted>\n\nIf you didn't ask for this, you can ignore this email — your password won't change.", ⏎   "html": "<p>We received a request to reset your Unveil password.</p><p><a href=\"http://localhost:3230/reset-password?token=<redacted>\">Choose a new password</a> (valid for 60 minutes).</p><p>If you didn't ask for this, you can i
[forgot] reset link: http://localhost:3230/reset-password?token=<redacted>
[reset] no token: Unveil | Sell your files with one simple link. | Get paid by card | Buyers check out in seconds — no accounts, no friction. | Private by design | Originals stay locked until a purchase is complete. | 
[reset] bogus token: 
[reset] password inputs: 1
[reset] weak pw: 
node:internal/modules/run_main:123
    triggerUncaughtException(
    ^

page.fill: Timeout 30000ms exceeded.
Call log:
  - waiting for locator('input[name="password"]')

    at /workspace/unveil/qa/scripts/qa-fe2-d.mjs:54:10 {
  log: [ `  - waiting for locator('input[name="password"]')` ],
  name: 'TimeoutError'
}

Node.js v20.19.2
