   FAIL [320px] landing: horizontal overflow 58px, clipped elements []
   OK   [320px] login: horizontal overflow 0px, clipped elements []
   OK   [320px] signup: horizontal overflow 0px, clipped elements []
   OK   [320px] buyer: horizontal overflow 0px, clipped elements []
   OK   [320px] dashboard: horizontal overflow 0px, clipped elements []
   OK   [320px] drops: horizontal overflow 0px, clipped elements []
   OK   [320px] drop detail: horizontal overflow 0px, clipped elements []
   FAIL [360px] landing: horizontal overflow 18px, clipped elements []
   OK   [360px] login: horizontal overflow 0px, clipped elements []
   OK   [360px] signup: horizontal overflow 0px, clipped elements []
   OK   [360px] buyer: horizontal overflow 0px, clipped elements []
   OK   [360px] dashboard: horizontal overflow 0px, clipped elements []
   OK   [360px] drops: horizontal overflow 0px, clipped elements []
   OK   [360px] drop detail: horizontal overflow 0px, clipped elements []
   OK   [390px] landing: horizontal overflow 0px, clipped elements []
   OK   [390px] login: horizontal overflow 0px, clipped elements []
   OK   [390px] signup: horizontal overflow 0px, clipped elements []
   OK   [390px] buyer: horizontal overflow 0px, clipped elements []
   OK   [390px] dashboard: horizontal overflow 0px, clipped elements []
   OK   [390px] drops: horizontal overflow 0px, clipped elements []
   OK   [390px] drop detail: horizontal overflow 0px, clipped elements []
   OK   [768px] landing: horizontal overflow 0px, clipped elements []
   OK   [768px] login: horizontal overflow 0px, clipped elements []
   OK   [768px] signup: horizontal overflow 0px, clipped elements []
   OK   [768px] buyer: horizontal overflow 0px, clipped elements []
   OK   [768px] dashboard: horizontal overflow 0px, clipped elements []
   OK   [768px] drops: horizontal overflow 0px, clipped elements []
   OK   [768px] drop detail: horizontal overflow 0px, clipped elements []
   OK   [1280px] landing: horizontal overflow 0px, clipped elements []
   OK   [1280px] login: horizontal overflow 0px, clipped elements []
   OK   [1280px] signup: horizontal overflow 0px, clipped elements []
   OK   [1280px] buyer: horizontal overflow 0px, clipped elements []
   OK   [1280px] dashboard: horizontal overflow 0px, clipped elements []
   OK   [1280px] drops: horizontal overflow 0px, clipped elements []
   OK   [1280px] drop detail: horizontal overflow 0px, clipped elements []
RESULT fails=2
