PASS    M2-11a     DELETE draft with 2 images + 1 video: 200 {deleted,deletedFiles:3,storageErrors:0}; drop+file rows gone; originals AND previews AND per-drop dirs gone from disk; tmp empty; audit drop_deleted — {"deleted":true,"deletedFiles":3,"storageErrors":0}; disk objects 6→0, dirs gone; audit: drop:ebc5ef52-e233-4cec-bb2d-d8f26e6f9a07 seller:4ef6ca4e-1060-4996-bd6f-c80e33ce39c2 status:draft files:3; old signed URL → 404
PASS    M2-11b     DELETE published drop: public link/page/preview/checkout/dashboard behave sanely afterwards (404s, no 500, no stale cache) — GET /api/public/drops/<link>→404 | GET /u/<link>→404 | GET /api/files/<f>/preview→404 | GET /api/files/<f>/original→403 | POST /api/checkout→404 | dashboard GET→404 | PATCH after delete→404 | publish after delete→404 | upload after delete→404
PASS    M2-11c     second DELETE of the same drop -> 404 (idempotent: no 500, no extra audit row) — 200 → 404 → 404; 1 audit row
PASS    M2-13d     DELETE authz: other seller -> 404 (rows+files survive, same as nonexistent); anonymous -> 401; bad/nonexistent uuid -> 404; garbage cookie 401; admin-less — other 404; anon 401; garbage 401; bad-uuid 404; all survive
PASS    V-del-csrf DELETE with foreign/null/garbage Origin -> 403 and drop survives; DELETE with body/query junk ignored; no-Origin allowed — https://evil.example→403 null→403 garbage→403 ; same-origin with junk query/body → 200
PASS    V-del-method GET / link prefetch cannot delete: GET /api/drops/:id never mutates; HEAD ok — GET/HEAD safe
PASS    M2-12a     DELETE with a SUCCEEDED sale -> 409 drop_has_sales; drop, files, transaction, ledger, earnings untouched; unpublish still works afterwards — 409 {"error":"This drop has sales and cannot be deleted. Unpublish it instead.","code":"drop_has_sales"}; after unpublish still 409; earnings identical ({"pendingCents":1560,"availableCents":0,"totalCents":1560})
PASS    M2-12b     DELETE with ONLY a pending / failed / expired / refunded / chargeback transaction -> 409 drop_has_sales (any transaction row blocks) — documents the rule — pending→409/drop_has_sales failed→409/drop_has_sales refunded→409/drop_has_sales charged_back→409/drop_has_sales
PASS    M2-12c     DELETE with an OPEN or REVIEWING report -> 409 drop_has_open_report (files survive); actioned/dismissed reports do not block and are cascade-deleted — open→409/drop_has_open_report reviewing→409/drop_has_open_report actioned→200 dismissed→200 (note: deleting a drop with a closed report removes the report evidence row — see Notes)
PASS    M2-12d     DELETE of a FLAGGED drop -> 403 flagged (rows+files intact); admin-side status unaffected — 403 {"error":"Drop is flagged and under review","code":"flagged"}
PASS    M2-12e     precedence: flagged + sales -> ? ; flagged + open report -> ? (documented) — flagged+sales→403/flagged; flagged+open-report→403/flagged
PASS    M2-11d     delete drop with NO files, and with file rows whose objects are already missing on disk -> 200, storageErrors 0, no 500 — no files → {"deleted":true,"deletedFiles":0,"storageErrors":0}; objects pre-removed → {"deleted":true,"deletedFiles":2,"storageErrors":0}
PASS    M2-11e     storage cleanup failure (originals dir made read-only): still 200 (DB delete committed, no resurrection), storageErrors>0, audit drop_storage_orphans; response/logs don't leak path to client; later cleanup possible — {"deleted":true,"deletedFiles":2,"storageErrors":2}; audit drop_deleted,drop_storage_orphans; orphaned objects left on disk: 2 (previews cleaned: true)
PASS    V-del-conc1 concurrent DELETE x12 of one drop: exactly one 200, the rest 404, no 5xx, one audit row, no leftover objects — codes 200,404,404,404,404,404,404,404,404,404,404,404
PASS    V-del-conc2 DELETE vs PATCH race (20 trials): no 5xx; after a 200 delete every later PATCH is 404; no zombie rows — 20 trials clean
FAIL    V-del-conc3 DELETE vs CHECKOUT race on a published drop (30 trials, 4 parallel checkouts + delete): no 5xx from checkout/delete; outcome consistent (deleted ⇒ no transaction rows; has tx ⇒ drop+files survive and delete was 409); no orphan transactions — 29/30 trials with 500 from checkout (FK violation transactions_drop_id_fkey in server log; deleted 29, blocked 1); orphan/inconsistent rows: 0; e.g. del:200/ co:500,500,500,500 || del:200/ co:500,500,500,500
PASS    V-del-conc4 DELETE vs PURCHASE (webhook) race: pending checkout exists, then DELETE races the paid webhook x15: never a deleted drop with a ledger/transaction; sale either completes (409) — no 5xx — 15 trials: delete always 409 (tx exists), webhook 15/15 succeeded, no 5xx
FAIL    V-del-conc5 DELETE vs UPLOAD race (15 trials: 3 parallel uploads + delete): no 5xx; no orphan rows/objects left for the drop afterwards — 1/15 trials with a 500 on an upload; 1/15 trials left an orphan stored object/row after a successful delete; e.g. 5xx 500,404,200,404,404 || deleted but rows 0 objs 1 codes 500,404,200,404,404
PASS    V-del-earn deleting one drop leaves another drop's sales, ledger and /api/earnings byte-identical (seller with a sold drop + a deletable drop) — earnings identical; ledger {"n":51,"s":26520}
PASS    V-del-pending-token after deleting a drop, a buyer who had a pending checkout (no 409 possible because tx exists) — and a buyer holding only the public link — see sane errors; pay page for pending session still loads — delete → 409; pay page 200
PASS    V-del-sealed limits after delete: deleting frees the per-drop quota only for that drop; creating many drops + deleting them leaves no stray dirs under storage/ — files before 452 after 452; empty leftover dirs: 0

Saved delete.json: PASS 19 FAIL 2 NOTE 0 BLOCKED 0
