[M1-06] MP4 upload => 415 {"error":"Not a valid image","code":"invalid_image"}
[M1-09] OPTIONS=204 HEAD=405 PATCH(tus)=405; /api/uploads: 404
[M1-08(race)] limit=5, 25 parallel uploads => {"201":25}; rows in DB=25; files on disk=25
[M6-01(bomb)] 9900x9900 png (298 KiB file) => 201  in 210ms
[M6-01(bomb)] 10100x10000 png (307 KiB file) => 415 invalid_image in 26ms
[M6-01(bomb)] 30000x30000: could not generate (Input image exceeds pixel limit)
[M1-08(big-chunked)] 60MiB chunked body (no Content-Length, limit 15MiB) => 413 {"error":"File exceeds limit of 15728640 bytes","code":"file_too_large"} after 283ms (server reads whole body into memory before rejecting; only post-read check applies)
[M1-08(big-CL)] 60MiB with Content-Length => 413 file_too_large
[M2-11] unpublish a never-published draft => 200 status=unpublished (draft silently becomes 'unpublished')
[PROBE] {"/dashboard":"307→/login","/dashboard/drops/00000000-0000-0000-0000-000000000000":"307→/login","/terms":"404","/privacy":"404","/2257":"404","/dmca":"404","/legal/terms":"404","/admin":"404","/api/admin":"404","/api/admin/settings":"404","/api/admin/refunds":"404","/status":"404","/login":"200","/signup":"200","/manifest.webmanifest":"200","/api/health":"404","/healthz":"404"}
[M5-15] seller PUT to admin/settings routes => {"/api/admin/settings":404,"/api/admin/sellers":404,"/api/settings":405} (routes do not exist; no admin auth model — admins table only, no login)
[M6-01(partial)] Origin:null => 500 {"error":"Internal error"}; Origin:garbage => 500 {"error":"Internal error"}; same-origin login=401
[M6-02(partial)] secret values in .next/static client bundle: 0 hits; tracked .env files: ''; .env ever added in history: ''; .env.example uses placeholder secrets: yes
[M1-08(race)] sequential, limit=5: 201,201,201,201,201,400,400,400
[M1-08(race)] parallel 10 uploads, limit=5: statuses 201=10 400=0; rows in DB=10
[M1-08(race)] parallel 25 uploads, limit=5: statuses 201=25 400=0; rows in DB=25
[M1-02] GET /api/auth/google (no creds) => 501 {"error":"Google sign-in is not configured (set GOOGLE_CLIENT_ID / GOOGLE_CLIENT_SECRET)"}; callback => 307 location=http://localhost:3200/login?error=google_not_configured
[M1-14] schema:
   admins(id,email,created_at)
   audit_log(id,admin_id,action,target,created_at)
   drop_files(id,drop_id,storage_key,filename,mime,size_bytes,blurred_preview_key,sort_order,created_at)
   drops(id,seller_id,public_link_id,title,description,price_cents,cover_url,status,attestation,created_at,updated_at,published_at)
   payouts(id,seller_id,amount_cents,status,provider_ref,created_at)
   platform_settings(id,fee_percent,price_min_cents,price_max_cents,max_image_size_bytes,max_video_size_bytes,max_files_per_drop,allowed_image_mimes,updated_at)
   reports(id,drop_id,reason,reporter_email,status,created_at)
   sellers(id,email,password_hash,google_id,display_name,avatar,bio,verification_status,verification_ref,legal_name,dob,payout_details,created_at)
   transactions(id,drop_id,seller_id,buyer_email,amount_cents,platform_fee_cents,processing_fee_cents,seller_net_cents,processor_ref,status,created_at)
